---
- council_reference: 107/2018
  address: 1 Gillard Street BRIGHTON EAST VIC 3187
  description: 3 New Dwellings Construction of a two (2) storey residential building
    containing three (3) apartments and basement car parking
  info_url: https://ecouncil.bayside.vic.gov.au/eservice/daEnquiryInit.do?nodeNum=480390
  date_received: '2019-05-14'
  date_scraped: '2019-05-15'
- council_reference: 126/2019
  address: 48 Haldane Street BEAUMARIS VIC 3193
  description: 2 New Dwellings Construction of 2 dwellings on a lot and a front fence
    greater than 1.2m in a Residential Zone
  info_url: https://ecouncil.bayside.vic.gov.au/eservice/daEnquiryInit.do?nodeNum=480390
  date_received: '2019-04-16'
  date_scraped: '2019-05-15'
- council_reference: 128/2019
  address: 31 Victor Street BEAUMARIS VIC 3193
  description: 2 New Dwellings Construction of two double storey dwellings on a lot
    including a front fence exceeding 1.2 metres in height and the removal of native
    vegetation.
  info_url: https://ecouncil.bayside.vic.gov.au/eservice/daEnquiryInit.do?nodeNum=480390
  date_received: '2019-04-29'
  date_scraped: '2019-05-15'
- council_reference: 169/2005
  address: 25 Haldane Street BEAUMARIS VIC 3193
  description: 2 New Dwellings Construction of two (2) double storey attached dwellings
    and a basement car park and removal of vegetation in a Vegetation Protection Overlay
  info_url: https://ecouncil.bayside.vic.gov.au/eservice/daEnquiryInit.do?nodeNum=480390
  date_received: '2019-04-23'
  date_scraped: '2019-05-15'
- council_reference: 18/2018
  address: 363 Nepean Highway BRIGHTON EAST VIC 3187
  description: 1 Dwelling - Alts & Adds - DDO and Advertising Signs and Carparking
    Alterations and additions to signage and a reduction in car parking in a C1Z
  info_url: https://ecouncil.bayside.vic.gov.au/eservice/daEnquiryInit.do?nodeNum=480390
  date_received: '2019-04-15'
  date_scraped: '2019-05-15'
- council_reference: 191/2019
  address: 32 Rooding Street BRIGHTON VIC 3186
  description: 11 - 25 New Dwellings and Vary/Remove Easements&Other Restrictions
    and Construction of a three storey residential building containing 14 dwellings
    over basement car parking, a front fenc exceeding 1.5 metres in height and removal
    of an easement
  info_url: https://ecouncil.bayside.vic.gov.au/eservice/daEnquiryInit.do?nodeNum=480390
  date_received: '2019-04-16'
  date_scraped: '2019-05-15'
- council_reference: 192/2019
  address: 129 Were Street BRIGHTON VIC 3186
  description: Dwelling(s) Other - Alts/Adds, Bld Only Dwelling(s) Other - Alts/Adds,
    Bld Only
  info_url: https://ecouncil.bayside.vic.gov.au/eservice/daEnquiryInit.do?nodeNum=480390
  date_received: '2019-04-23'
  date_scraped: '2019-05-15'
- council_reference: 198/2019
  address: 14 Earlsfield Road HAMPTON VIC 3188
  description: 2 New Dwellings 2 New Dwellings
  info_url: https://ecouncil.bayside.vic.gov.au/eservice/daEnquiryInit.do?nodeNum=480390
  date_received: '2019-04-16'
  date_scraped: '2019-05-15'
- council_reference: 203/2019
  address: 303 St Kilda Street BRIGHTON VIC 3186
  description: Alteration to Access to a Main Road Alteration of access to a road
    in a Road Zone, Category 1
  info_url: https://ecouncil.bayside.vic.gov.au/eservice/daEnquiryInit.do?nodeNum=480390
  date_received: '2019-04-15'
  date_scraped: '2019-05-15'
- council_reference: 205/2019
  address: 101 Church Street BRIGHTON VIC 3186
  description: Advertising Signs Display of one internally illuminated sign and two
    electronic signs in the Commercial 1 Zone
  info_url: https://ecouncil.bayside.vic.gov.au/eservice/daEnquiryInit.do?nodeNum=480390
  date_received: '2019-04-15'
  date_scraped: '2019-05-15'
- council_reference: 207/2019
  address: 80 Comer Street BRIGHTON EAST VIC 3187
  description: 2 New Dwellings 2 New Dwellings
  info_url: https://ecouncil.bayside.vic.gov.au/eservice/daEnquiryInit.do?nodeNum=480390
  date_received: '2019-04-15'
  date_scraped: '2019-05-15'
- council_reference: 209/2019
  address: 17 Cherbourg Avenue BEAUMARIS VIC 3193
  description: VPO3 - Removal x 1 To remove, destroy or lop native vegetation
  info_url: https://ecouncil.bayside.vic.gov.au/eservice/daEnquiryInit.do?nodeNum=480390
  date_received: '2019-04-15'
  date_scraped: '2019-05-15'
- council_reference: 210/2019
  address: Unit 1 10 Dudley Street BRIGHTON VIC 3186
  description: 1 Dwelling - Alts & Adds on Lot < 500m2 Construction of a front fence
    exceeding 1.2 metres high on a lot less than 500 square metres
  info_url: https://ecouncil.bayside.vic.gov.au/eservice/daEnquiryInit.do?nodeNum=480390
  date_received: '2019-04-15'
  date_scraped: '2019-05-15'
- council_reference: 211/2019
  address: Unit 1 20 Luxmoore Street CHELTENHAM VIC 3192
  description: 1 Dwelling - New - DDO Construction of a double storey dwelling on
    a lot less than 500m2
  info_url: https://ecouncil.bayside.vic.gov.au/eservice/daEnquiryInit.do?nodeNum=480390
  date_received: '2019-04-16'
  date_scraped: '2019-05-15'
- council_reference: 213/2019
  address: 9 Avelin Street HAMPTON VIC 3188
  description: 1 Dwelling - Alts & Adds - Heritage 1 Dwelling - Alts & Adds - Heritage
  info_url: https://ecouncil.bayside.vic.gov.au/eservice/daEnquiryInit.do?nodeNum=480390
  date_received: '2019-04-16'
  date_scraped: '2019-05-15'
- council_reference: 214/2019
  address: 5 Sheridan Court BRIGHTON VIC 3186
  description: 1 Dwelling - Alts & Adds - DDO Extension to one dwelling on a lot of
    less than 500sqm
  info_url: https://ecouncil.bayside.vic.gov.au/eservice/daEnquiryInit.do?nodeNum=480390
  date_received: '2019-04-18'
  date_scraped: '2019-05-15'
- council_reference: 215/2019
  address: 735 Hampton Street BRIGHTON VIC 3186
  description: Miscellaneous Proposed vehicle crossing on Road Zone Category 1
  info_url: https://ecouncil.bayside.vic.gov.au/eservice/daEnquiryInit.do?nodeNum=480390
  date_received: '2019-04-18'
  date_scraped: '2019-05-15'
- council_reference: 216/2019
  address: 178 South Road BRIGHTON EAST VIC 3187
  description: Medical Centre - Alts/Adds to Bld & Use Use of land and construction
    of building as a Medical Centre in a Neighbourhood Residential Zone including
    buildings and works associated with a Section 2 use.
  info_url: https://ecouncil.bayside.vic.gov.au/eservice/daEnquiryInit.do?nodeNum=480390
  date_received: '2019-04-18'
  date_scraped: '2019-05-15'
- council_reference: 219/2019
  address: 56 Wilson Street BRIGHTON VIC 3186
  description: 6 - 10 New Dwellings Construction of a three storey residential building
    (over basement) containing 7 apartments and a front fence in excess of 1.5 metres
    in height in a General Residential Zone (Schedule 2) and Design and Development
    Overlay (Schedule 11) and variation of easement.
  info_url: https://ecouncil.bayside.vic.gov.au/eservice/daEnquiryInit.do?nodeNum=480390
  date_received: '2019-04-23'
  date_scraped: '2019-05-15'
- council_reference: 220/2019
  address: Unit 7 17 Warriston Street BRIGHTON VIC 3186
  description: 1 Dwelling - Alts & Adds - DDO
  info_url: https://ecouncil.bayside.vic.gov.au/eservice/daEnquiryInit.do?nodeNum=480390
  date_received: '2019-04-26'
  date_scraped: '2019-05-15'
- council_reference: 221/2019
  address: 28 Rooding Street BRIGHTON VIC 3186
  description: 1 Dwelling - Alts & Adds - Lot less than 500m2
  info_url: https://ecouncil.bayside.vic.gov.au/eservice/daEnquiryInit.do?nodeNum=480390
  date_received: '2019-04-26'
  date_scraped: '2019-05-15'
- council_reference: 222/2019
  address: 8 Seaview Crescent BLACK ROCK VIC 3193
  description: 4 new dwellings and tree removal
  info_url: https://ecouncil.bayside.vic.gov.au/eservice/daEnquiryInit.do?nodeNum=480390
  date_received: '2019-04-29'
  date_scraped: '2019-05-15'
- council_reference: 223/2019
  address: 10 Valmont Avenue BEAUMARIS VIC 3193
  description: VPO3 - Removal x 1 Removal of one native tree protected by the Vegetation
    Protection Ovelray Schedule 3 (VPO3)
  info_url: https://ecouncil.bayside.vic.gov.au/eservice/daEnquiryInit.do?nodeNum=480390
  date_received: '2019-04-30'
  date_scraped: '2019-05-15'
- council_reference: 224/2019
  address: 464 St Kilda Street BRIGHTON VIC 3186
  description: Dwelling(s) Other - Alts/Adds, Bld Only
  info_url: https://ecouncil.bayside.vic.gov.au/eservice/daEnquiryInit.do?nodeNum=480390
  date_received: '2019-05-02'
  date_scraped: '2019-05-15'
- council_reference: 226/2019
  address: 13A Potter Street BLACK ROCK VIC 3193
  description: 'VPO3 - Removal x 1 Vegetation Protection Overlay Schedule 3: Removal
    of native vegetation'
  info_url: https://ecouncil.bayside.vic.gov.au/eservice/daEnquiryInit.do?nodeNum=480390
  date_received: '2019-05-02'
  date_scraped: '2019-05-15'
- council_reference: 228/2019
  address: 166 Church Street BRIGHTON VIC 3186
  description: Fence on a lot > 500 m2 Partial demolition of an existing front fence
    within a Heritage Overlay
  info_url: https://ecouncil.bayside.vic.gov.au/eservice/daEnquiryInit.do?nodeNum=480390
  date_received: '2019-05-02'
  date_scraped: '2019-05-15'
- council_reference: 229/2019
  address: 20 Murphy Street BRIGHTON VIC 3186
  description: 2 New Dwellings Two dwellings on a lot and a front fence exceeding
    1.2m in height.
  info_url: https://ecouncil.bayside.vic.gov.au/eservice/daEnquiryInit.do?nodeNum=480390
  date_received: '2019-05-06'
  date_scraped: '2019-05-15'
- council_reference: 230/2019
  address: 345 Hampton Street HAMPTON VIC 3188
  description: Advertising Signs Advertising Signs
  info_url: https://ecouncil.bayside.vic.gov.au/eservice/daEnquiryInit.do?nodeNum=480390
  date_received: '2019-05-06'
  date_scraped: '2019-05-15'
- council_reference: 231/2019
  address: 42 East Concourse BEAUMARIS VIC 3193
  description: Liquor Licence - New & Alts Liquor license associated with a restaurant
    and car parking waiver
  info_url: https://ecouncil.bayside.vic.gov.au/eservice/daEnquiryInit.do?nodeNum=480390
  date_received: '2019-05-06'
  date_scraped: '2019-05-15'
- council_reference: 232/2019
  address: 24 Burrows Street BRIGHTON VIC 3186
  description: 6 - 10 New Dwellings
  info_url: https://ecouncil.bayside.vic.gov.au/eservice/daEnquiryInit.do?nodeNum=480390
  date_received: '2019-05-06'
  date_scraped: '2019-05-15'
- council_reference: 233/2019
  address: 47 Highett Road HAMPTON VIC 3188
  description: Alterations and additions to an existing dwelling on a lot less than
    500 square metres
  info_url: https://ecouncil.bayside.vic.gov.au/eservice/daEnquiryInit.do?nodeNum=480390
  date_received: '2019-05-06'
  date_scraped: '2019-05-15'
- council_reference: 234/2019
  address: Unit 7 22A Bluff Road BLACK ROCK VIC 3193
  description: Advertising Signs Construction and display of business identification
    signage exceeding 8 square metres
  info_url: https://ecouncil.bayside.vic.gov.au/eservice/daEnquiryInit.do?nodeNum=480390
  date_received: '2019-05-06'
  date_scraped: '2019-05-15'
- council_reference: 2340/1996
  address: Unit 1 20 Dalgetty Road BEAUMARIS VIC 3193
  description: VPO3 - Removal x 1 The erection of an additional two storey dwelling
    and use of the land for the purpose of dual occupancy
  info_url: https://ecouncil.bayside.vic.gov.au/eservice/daEnquiryInit.do?nodeNum=480390
  date_received: '2019-05-06'
  date_scraped: '2019-05-15'
- council_reference: 236/2019
  address: 510-512 Hampton Street HAMPTON VIC 3188
  description: Dwelling(s) Other - New Building & Use and Carparking The construction
    of a four storey building containing shops and dwellings, the use of the land
    for dwellings, a reduction in the car parking requirement and the removal of vehicle
    access to a road in a Road Zone, Category 1 (Hampton Street).
  info_url: https://ecouncil.bayside.vic.gov.au/eservice/daEnquiryInit.do?nodeNum=480390
  date_received: '2019-05-08'
  date_scraped: '2019-05-15'
- council_reference: 237/2019
  address: 11 Gordon Crescent BLACK ROCK VIC 3193
  description: Removal of Vegetation Removal of a Gum Tree
  info_url: https://ecouncil.bayside.vic.gov.au/eservice/daEnquiryInit.do?nodeNum=480390
  date_received: '2019-05-08'
  date_scraped: '2019-05-15'
- council_reference: 238/2019
  address: 4 Hamilton Street BRIGHTON VIC 3186
  description: 1 Dwelling - Alts & Adds on Lot < 500m2 Partial demolition and extension
    of a dwelling on lot less than 500 square metres in a Heritage Overlay, including
    a fence
  info_url: https://ecouncil.bayside.vic.gov.au/eservice/daEnquiryInit.do?nodeNum=480390
  date_received: '2019-05-08'
  date_scraped: '2019-05-15'
- council_reference: 239/2019
  address: 24 Berwick Street BRIGHTON VIC 3186
  description: 1 Dwelling - New - SBO 1 Dwelling - New - SBO - Knock-down rebuild
    of Dwelling
  info_url: https://ecouncil.bayside.vic.gov.au/eservice/daEnquiryInit.do?nodeNum=480390
  date_received: '2019-05-08'
  date_scraped: '2019-05-15'
- council_reference: 240/2019
  address: 18 Avelin Street HAMPTON VIC 3188
  description: 1 Dwelling - Alts & Adds - Heritage Carry out works in a Heritage Overlay
    (HO652
  info_url: https://ecouncil.bayside.vic.gov.au/eservice/daEnquiryInit.do?nodeNum=480390
  date_received: '2019-05-09'
  date_scraped: '2019-05-15'
- council_reference: 241/2019
  address: 10 Biarritz Avenue BEAUMARIS VIC 3193
  description: Remove/Destroy or Lop Native Vegetation Remove/Destroy or Lop Native
    Vegetation
  info_url: https://ecouncil.bayside.vic.gov.au/eservice/daEnquiryInit.do?nodeNum=480390
  date_received: '2019-05-08'
  date_scraped: '2019-05-15'
- council_reference: 242/2019
  address: 20 Arkaringa Crescent BLACK ROCK VIC 3193
  description: 2 New Dwellings 2 New Dwellings
  info_url: https://ecouncil.bayside.vic.gov.au/eservice/daEnquiryInit.do?nodeNum=480390
  date_received: '2019-05-08'
  date_scraped: '2019-05-15'
- council_reference: 243/2019
  address: 31 Florida Avenue BEAUMARIS VIC 3193
  description: Removal of Vegetation Removal of Vegetation - Pruning of neighbours
    tree
  info_url: https://ecouncil.bayside.vic.gov.au/eservice/daEnquiryInit.do?nodeNum=480390
  date_received: '2019-05-08'
  date_scraped: '2019-05-15'
- council_reference: 244/2019
  address: 33 Potter Street BLACK ROCK VIC 3193
  description: VPO3 - Removal x 1 Removal of a tree in a Vegetation Protection Overlay
    (Schedule 3)
  info_url: https://ecouncil.bayside.vic.gov.au/eservice/daEnquiryInit.do?nodeNum=480390
  date_received: '2019-05-10'
  date_scraped: '2019-05-15'
- council_reference: 245/2019
  address: 29 Beach Road BEAUMARIS VIC 3193
  description: Construction of 4 dwellings, native vegetation removal, front fence
    hi Construction of 4 dwellings on a lot over basement parking including roof decks
    in a Design and Developent Overlay (Schedule 1), a front fence in excess of 1.2m
    and removal of native vegetation in a Vegetation Protection Overlay (Schedule
    3).
  info_url: https://ecouncil.bayside.vic.gov.au/eservice/daEnquiryInit.do?nodeNum=480390
  date_received: '2019-05-10'
  date_scraped: '2019-05-15'
- council_reference: 248/2019
  address: 508 Balcombe Road BEAUMARIS VIC 3193
  description: VPO3 - Removal x 1 Removal of a tree within a Vegetation Protection
    Overlay
  info_url: https://ecouncil.bayside.vic.gov.au/eservice/daEnquiryInit.do?nodeNum=480390
  date_received: '2019-05-13'
  date_scraped: '2019-05-15'
- council_reference: 250/2019
  address: 303 Beach Road BLACK ROCK VIC 3193
  description: Carparking Reduction of the number of car parking space required under
    clause 52.06-5 associated with a medical centre with 6 practitioners in a Commercial
    1 Zone
  info_url: https://ecouncil.bayside.vic.gov.au/eservice/daEnquiryInit.do?nodeNum=480390
  date_received: '2019-05-08'
  date_scraped: '2019-05-15'
- council_reference: 251/2019
  address: Bus Stop 236 New Street BRIGHTON VIC 3186
  description: Advertising Signs To display one internally illuminated promotion sign
    and one internally illuminated electronic promotion sign in accordance with Clause
    36.04-4
  info_url: https://ecouncil.bayside.vic.gov.au/eservice/daEnquiryInit.do?nodeNum=480390
  date_received: '2019-05-14'
  date_scraped: '2019-05-15'
- council_reference: 252/2019
  address: Bus Stop 47 South Road BRIGHTON VIC 3186
  description: Advertising Signs To display one internally illuminated promotion sign
    and one internally illuminated electronic promotion sign in accordance with Clause
    36.04-4
  info_url: https://ecouncil.bayside.vic.gov.au/eservice/daEnquiryInit.do?nodeNum=480390
  date_received: '2019-05-14'
  date_scraped: '2019-05-15'
- council_reference: 253/2019
  address: Bus Stop 335 New Street BRIGHTON VIC 3186
  description: Advertising Signs To display one internally illuminated promotion sign
    and one internally illuminated electronic promotion sign in accordance with Clause
    36.04-4
  info_url: https://ecouncil.bayside.vic.gov.au/eservice/daEnquiryInit.do?nodeNum=480390
  date_received: '2019-05-14'
  date_scraped: '2019-05-15'
- council_reference: 254/2019
  address: Bus Stop 264 South Road BRIGHTON EAST VIC 3187
  description: Advertising Signs To display one internally illuminated promotion sign
    and one internally illuminated electronic promotion sign in accordance with Clause
    36.04-4
  info_url: https://ecouncil.bayside.vic.gov.au/eservice/daEnquiryInit.do?nodeNum=480390
  date_received: '2019-05-14'
  date_scraped: '2019-05-15'
- council_reference: 255/2019
  address: Bus Stop 120 South Road BRIGHTON EAST VIC 3187
  description: Advertising Signs To display one internally illuminated promotion sign
    and one internally illuminated electronic promotion sign in accordance with Clause
    36.04-4
  info_url: https://ecouncil.bayside.vic.gov.au/eservice/daEnquiryInit.do?nodeNum=480390
  date_received: '2019-05-14'
  date_scraped: '2019-05-15'
- council_reference: 256/2019
  address: 8-12 Were Street BRIGHTON VIC 3186
  description: 1 Dwelling - alts & adds on Lot < 500m2 The addition of a roof deck
    of 8sqm to be located within the DDO1
  info_url: https://ecouncil.bayside.vic.gov.au/eservice/daEnquiryInit.do?nodeNum=480390
  date_received: '2019-05-14'
  date_scraped: '2019-05-15'
- council_reference: 258/2019
  address: 127 Male Street BRIGHTON VIC 3186
  description: 1 Dwelling - Alts & Adds on Lot < 500m2 Alterations and Additions on
    a lot less than 500m2 and a Heritage Overlay (HO176)
  info_url: https://ecouncil.bayside.vic.gov.au/eservice/daEnquiryInit.do?nodeNum=480390
  date_received: '2019-05-15'
  date_scraped: '2019-05-15'
- council_reference: 259/2019
  address: 2 Eliza Street BLACK ROCK VIC 3193
  description: Swimming Pool on a lot > 500m2 and 1 Dwelling - Alts & Adds - DDO Swimming
    Pool on a lot > 500m2 1 Dwelling - Alts & Adds - DDO
  info_url: https://ecouncil.bayside.vic.gov.au/eservice/daEnquiryInit.do?nodeNum=480390
  date_received: '2019-05-15'
  date_scraped: '2019-05-15'
- council_reference: 260/2019
  address: 2 Walstab Street BRIGHTON EAST VIC 3187
  description: 1 Dwelling - Alts & Adds on Lot < 500m2 1 Dwelling - Alts & Adds on
    Lot < 500m2 - Extension to Master Bedroom and Living Area. To Under Existing Eaves.
  info_url: https://ecouncil.bayside.vic.gov.au/eservice/daEnquiryInit.do?nodeNum=480390
  date_received: '2019-05-15'
  date_scraped: '2019-05-15'
- council_reference: 261/2019
  address: 316 St Kilda Street BRIGHTON VIC 3186
  description: 1 Dwelling - Alts & Adds - Heritage Alterations and additions to a
    dwelling in a Heritage Overlay
  info_url: https://ecouncil.bayside.vic.gov.au/eservice/daEnquiryInit.do?nodeNum=480390
  date_received: '2019-05-15'
  date_scraped: '2019-05-15'
- council_reference: 262/2017
  address: Unit 3 28 Pine Street BRIGHTON EAST VIC 3187
  description: 1 Dwelling - Alts & Adds - SBO Alterations and additions on a lot less
    than 500 square metres and in a Special Building Overlay (SBO)
  info_url: https://ecouncil.bayside.vic.gov.au/eservice/daEnquiryInit.do?nodeNum=480390
  date_received: '2019-04-16'
  date_scraped: '2019-05-15'
- council_reference: 262/2019
  address: Bus Stop 163 South Road BRIGHTON EAST VIC 3187
  description: Advertising Signs To display one internally illuminated promotion sign
    and one internally illuminated electronic promotion sign in accordance with Clause
    36.04-4
  info_url: https://ecouncil.bayside.vic.gov.au/eservice/daEnquiryInit.do?nodeNum=480390
  date_received: '2019-05-15'
  date_scraped: '2019-05-15'
- council_reference: 264/2019
  address: Bus Stop 337 South Road BRIGHTON EAST VIC 3187
  description: Advertising Signs To display one internally illuminated promotion sign
    and one internally illuminated electronic promotion sign in accordance with Clause
    36.04-4
  info_url: https://ecouncil.bayside.vic.gov.au/eservice/daEnquiryInit.do?nodeNum=480390
  date_received: '2019-05-15'
  date_scraped: '2019-05-15'
- council_reference: 266/2019
  address: Bus Stop 37 Bluff Road BLACK ROCK VIC 3193
  description: Advertising Signs To display one internally illuminated promotion sign
    and one internally illuminated electronic promotion sign in accordance with Clause
    36.04-4
  info_url: https://ecouncil.bayside.vic.gov.au/eservice/daEnquiryInit.do?nodeNum=480390
  date_received: '2019-05-15'
  date_scraped: '2019-05-15'
- council_reference: 267/2019
  address: Bus Stop 484 Balcombe Road BEAUMARIS VIC 3193
  description: Advertising Signs To display one internally illuminated promotion sign
    and one internally illuminated electronic promotion sign in accordance with Clause
    36.04-4
  info_url: https://ecouncil.bayside.vic.gov.au/eservice/daEnquiryInit.do?nodeNum=480390
  date_received: '2019-05-15'
  date_scraped: '2019-05-15'
- council_reference: 268/2019
  address: Bus Stop 298 Bay Road CHELTENHAM VIC 3192
  description: Advertising Signs To display one internally illuminated promotion sign
    and one internally illuminated electronic promotion sign in accordance with Clause
    36.04-4
  info_url: https://ecouncil.bayside.vic.gov.au/eservice/daEnquiryInit.do?nodeNum=480390
  date_received: '2019-05-15'
  date_scraped: '2019-05-15'
- council_reference: 270/2019
  address: 160 New Street BRIGHTON VIC 3186
  description: Construct one dwelling on a lot less than 500m2
  info_url: https://ecouncil.bayside.vic.gov.au/eservice/daEnquiryInit.do?nodeNum=480390
  date_received: '2019-05-15'
  date_scraped: '2019-05-15'
- council_reference: 272/2019
  address: 8 High Street BEAUMARIS VIC 3193
  description: 2 New Dwellings and VPO3 - Removal x 4 Two New Double Storey Dwellings
    and VPO3 - Tree Removal x 4
  info_url: https://ecouncil.bayside.vic.gov.au/eservice/daEnquiryInit.do?nodeNum=480390
  date_received: '2019-05-08'
  date_scraped: '2019-05-15'
- council_reference: 303/2017
  address: 62 Well Street BRIGHTON VIC 3186
  description: 1 Dwelling - Alts & Adds - SBO Construction and use of a private tennis
    court and associated fencing in a Special Building Overlay
  info_url: https://ecouncil.bayside.vic.gov.au/eservice/daEnquiryInit.do?nodeNum=480390
  date_received: '2019-04-29'
  date_scraped: '2019-05-15'
- council_reference: 311/2015
  address: 277 Bay Road CHELTENHAM VIC 3192
  description: Residential Bldg - New Use & Building The use of the land for the purpose
    of dwellings; the construction of a building and the construction of or the carrying
    out of works;  a reduction of the required car parking, and;  a waiver of the
    required loading bay
  info_url: https://ecouncil.bayside.vic.gov.au/eservice/daEnquiryInit.do?nodeNum=480390
  date_received: '2019-04-23'
  date_scraped: '2019-05-15'
- council_reference: 3266/1997
  address: 11 Coronation Street BRIGHTON EAST VIC 3187
  description: 2 New Dwellings The use and development of the land for the purpose
    of two attached, two-storey dwellings as a dual occupancy
  info_url: https://ecouncil.bayside.vic.gov.au/eservice/daEnquiryInit.do?nodeNum=480390
  date_received: '2019-05-03'
  date_scraped: '2019-05-15'
- council_reference: 330/2016
  address: 54 Kingston Street HAMPTON VIC 3188
  description: "2 New Dwellings Neighbourhood Residential Zone Schedule 3: Construction
    of two dwellings on a lot including a front fence in excess of 1.2 metres in height\r\nSpecial
    Building Overlay: Construction of a dwelling and front fence"
  info_url: https://ecouncil.bayside.vic.gov.au/eservice/daEnquiryInit.do?nodeNum=480390
  date_received: '2019-04-16'
  date_scraped: '2019-05-15'
- council_reference: 35/2019
  address: 1 Hudson Street HAMPTON VIC 3188
  description: 1 Dwelling - Alts & Adds - SBO Alterations and additions to an existing
    dwelling in a Special Building Overlay
  info_url: https://ecouncil.bayside.vic.gov.au/eservice/daEnquiryInit.do?nodeNum=480390
  date_received: '2019-04-21'
  date_scraped: '2019-05-15'
- council_reference: 386/2018
  address: 60 Lynch Crescent BRIGHTON VIC 3186
  description: "2 New Dwellings · Neighbourhood Residential Zone Schedule 3: Construction
    of two dwellings on a lot over a basement car park including a front fence in
    excess 1.2m \r\n· Special Building Overlay: Construction of a building or carry
    out works including a fence"
  info_url: https://ecouncil.bayside.vic.gov.au/eservice/daEnquiryInit.do?nodeNum=480390
  date_received: '2019-04-23'
  date_scraped: '2019-05-15'
- council_reference: 417/2018
  address: 444 New Street BRIGHTON VIC 3186
  description: '1 Dwelling - Alts & Adds on Lot < 500m2 Section 72 Amendment to Planning
    Permit 5/2018/417 which allows: Alterations and additions to an existing dwelling
    on a lot less than 500 square metre. Changes to include replacement of the proposed
    enclosed render front verandah with an open timber pergola.'
  info_url: https://ecouncil.bayside.vic.gov.au/eservice/daEnquiryInit.do?nodeNum=480390
  date_received: '2019-05-15'
  date_scraped: '2019-05-15'
- council_reference: 436/2017
  address: 14 Menzies Avenue BRIGHTON VIC 3186
  description: 1 Dwelling - Alts & Adds - Heritage Alterations and additions to a
    dwelling in a Heritage overlay
  info_url: https://ecouncil.bayside.vic.gov.au/eservice/daEnquiryInit.do?nodeNum=480390
  date_received: '2019-04-23'
  date_scraped: '2019-05-15'
- council_reference: 606/2015
  address: 411A Bluff Road HAMPTON VIC 3188
  description: 1 Dwelling - Alts & Adds on Lot < 500m2 Alterations and additions to
    an existing dwelling on a lot less than 500 square metres and alteration of access
    to a road in a Road Zone Category 1
  info_url: https://ecouncil.bayside.vic.gov.au/eservice/daEnquiryInit.do?nodeNum=480390
  date_received: '2019-04-23'
  date_scraped: '2019-05-15'
- council_reference: 659/2014
  address: 6 Snooks Court BRIGHTON VIC 3186
  description: 1 Dwelling - Alts & Adds - SBO Buildings and Works to a front fence
    greater than 1.2m in a Special Building Overlay
  info_url: https://ecouncil.bayside.vic.gov.au/eservice/daEnquiryInit.do?nodeNum=480390
  date_received: '2019-05-14'
  date_scraped: '2019-05-15'
- council_reference: 660/2008
  address: 5 Wandarri Court CHELTENHAM VIC 3192
  description: Retail Premises Other - New Use Only Motor Vehicle sales in Business
    3 Zone
  info_url: https://ecouncil.bayside.vic.gov.au/eservice/daEnquiryInit.do?nodeNum=480390
  date_received: '2019-05-10'
  date_scraped: '2019-05-15'
- council_reference: 679/2018
  address: 11 Fourth Street BLACK ROCK VIC 3193
  description: 2 New Dwellings Construction of two double storey dwellings on a lot
  info_url: https://ecouncil.bayside.vic.gov.au/eservice/daEnquiryInit.do?nodeNum=480390
  date_received: '2019-05-15'
  date_scraped: '2019-05-15'
- council_reference: 744/2015
  address: 40 Scott Street BEAUMARIS VIC 3193
  description: 2 New Dwellings
  info_url: https://ecouncil.bayside.vic.gov.au/eservice/daEnquiryInit.do?nodeNum=480390
  date_received: '2019-04-30'
  date_scraped: '2019-05-15'
- council_reference: 7757/2019
  address: 18 Iluka Street BLACK ROCK VIC 3193
  description: Subdivision of Land (1 to 9 Lots) Two (2) Lot Subdivision
  info_url: https://ecouncil.bayside.vic.gov.au/eservice/daEnquiryInit.do?nodeNum=480390
  date_received: '2019-04-23'
  date_scraped: '2019-05-15'
- council_reference: 7758/2019
  address: 5 Were Street BRIGHTON VIC 3186
  description: Subdivision of Existing Buildings Two (2) Lot Subdivision (boundary
    re-alignment)
  info_url: https://ecouncil.bayside.vic.gov.au/eservice/daEnquiryInit.do?nodeNum=480390
  date_received: '2019-05-02'
  date_scraped: '2019-05-15'
- council_reference: 7759/2019
  address: 5 Powys Drive BEAUMARIS VIC 3193
  description: Subdivision of Land (1 to 9 Lots) Two (2) Lot Subdivision (VicSmart)
  info_url: https://ecouncil.bayside.vic.gov.au/eservice/daEnquiryInit.do?nodeNum=480390
  date_received: '2019-04-23'
  date_scraped: '2019-05-15'
- council_reference: 7761/2019
  address: 53 Beach Road HAMPTON VIC 3188
  description: Subdivision of Land (1 to 9 Lots) Two (2) Lot Subdivision (VicSmart)
  info_url: https://ecouncil.bayside.vic.gov.au/eservice/daEnquiryInit.do?nodeNum=480390
  date_received: '2019-05-08'
  date_scraped: '2019-05-15'
- council_reference: 7762/2019
  address: 14 Field Street HAMPTON VIC 3188
  description: Subdivision of Land (1 to 9 Lots) Two (2) lot Subdivision
  info_url: https://ecouncil.bayside.vic.gov.au/eservice/daEnquiryInit.do?nodeNum=480390
  date_received: '2019-05-10'
  date_scraped: '2019-05-15'
- council_reference: 7763/2019
  address: 23 Halifax Street BRIGHTON VIC 3186
  description: Variation/Removal of Covenants Removal of the Covenant 0949180
  info_url: https://ecouncil.bayside.vic.gov.au/eservice/daEnquiryInit.do?nodeNum=480390
  date_received: '2019-05-03'
  date_scraped: '2019-05-15'
- council_reference: 7764/2019
  address: 121 Pellatt Street BEAUMARIS VIC 3193
  description: Subdivision of Land (1 to 9 Lots) Two (2) lot Subdivision
  info_url: https://ecouncil.bayside.vic.gov.au/eservice/daEnquiryInit.do?nodeNum=480390
  date_received: '2019-05-09'
  date_scraped: '2019-05-15'
- council_reference: 7766/2019
  address: 117A Roslyn Street BRIGHTON VIC 3186
  description: Subdivision of Land (1 to 9 Lots) Two (2) lot Subdivision
  info_url: https://ecouncil.bayside.vic.gov.au/eservice/daEnquiryInit.do?nodeNum=480390
  date_received: '2019-05-09'
  date_scraped: '2019-05-15'
- council_reference: 7769/2019
  address: 14 Bruce Street BRIGHTON EAST VIC 3187
  description: Subdivision of Land (1 to 9 Lots) Two (2) Lot Subdivision
  info_url: https://ecouncil.bayside.vic.gov.au/eservice/daEnquiryInit.do?nodeNum=480390
  date_received: '2019-05-14'
  date_scraped: '2019-05-15'
- council_reference: 7770/2019
  address: 320 Balcombe Road BEAUMARIS VIC 3193
  description: Subdivision of Land (1 to 9 Lots) Three (3) Lot Subdivision
  info_url: https://ecouncil.bayside.vic.gov.au/eservice/daEnquiryInit.do?nodeNum=480390
  date_received: '2019-05-14'
  date_scraped: '2019-05-15'
- council_reference: 881/2008
  address: 12 Shandford Avenue BRIGHTON VIC 3186
  description: 1 Dwelling - Alts & Adds - DDO Construction of a roof deck in a Design
    & Development Overlay 1
  info_url: https://ecouncil.bayside.vic.gov.au/eservice/daEnquiryInit.do?nodeNum=480390
  date_received: '2019-04-16'
  date_scraped: '2019-05-15'
- council_reference: 921/2014
  address: 439 Bay Street BRIGHTON VIC 3186
  description: Residential Bldg - New Use & Building Residential Bldg - New Use &
    Building - Use and development of a four storey building (plus basement car park)
    containing a retail premises and 22 dwellings, a reduction in the required car
    parking rate and a waiver of the loading and unloading of vehicles requirement
  info_url: https://ecouncil.bayside.vic.gov.au/eservice/daEnquiryInit.do?nodeNum=480390
  date_received: '2019-05-06'
  date_scraped: '2019-05-15'
