---
- council_reference: 214/2018
  address: 83 Victoria Street BUNBURY WA 6230
  description: Restaurant/ Cafe Amendment - Replacement of Existing Cafe Alfresco
    (on Road Reserve - Benesse Cafe)
  info_url: https://ecouncil.bunbury.wa.gov.au/eservice/daEnquiryInit.do?nodeNum=11264
  date_received: '2019-04-23'
  date_scraped: '2019-05-15'
- council_reference: 235/2018
  address: 153 Stirling Street EAST BUNBURY WA 6230
  description: Single House Amendment (Revised Fencing Design)
  info_url: https://ecouncil.bunbury.wa.gov.au/eservice/daEnquiryInit.do?nodeNum=11264
  date_received: '2019-05-06'
  date_scraped: '2019-05-15'
- council_reference: 34644/2018
  address: 5 Barker Boulevard GLEN IRIS WA 6230
  description: Class 10B - Swimming Pool (Extension Time)
  info_url: https://ecouncil.bunbury.wa.gov.au/eservice/daEnquiryInit.do?nodeNum=11264
  date_received: '2019-04-29'
  date_scraped: '2019-05-15'
- council_reference: 35075/2018
  address: South Western Highway DAVENPORT WA 6230
  description: Class 7B - Aircraft Hangar (Site 53 Airport)
  info_url: https://ecouncil.bunbury.wa.gov.au/eservice/daEnquiryInit.do?nodeNum=11264
  date_received: '2019-04-29'
  date_scraped: '2019-05-15'
- council_reference: 35081/2018
  address: 53 Beach Road SOUTH BUNBURY WA 6230
  description: Class 5 & 3 - Office Residential (Add's & Alt's SW Refuge)
  info_url: https://ecouncil.bunbury.wa.gov.au/eservice/daEnquiryInit.do?nodeNum=11264
  date_received: '2019-05-15'
  date_scraped: '2019-05-15'
- council_reference: 35094/2018
  address: South Western Highway DAVENPORT WA 6230
  description: Class 7B - Aircraft Hangar (Site 41 & 42)
  info_url: https://ecouncil.bunbury.wa.gov.au/eservice/daEnquiryInit.do?nodeNum=11264
  date_received: '2019-05-13'
  date_scraped: '2019-05-15'
- council_reference: 35259/2019
  address: 11 Gibbons Road DAVENPORT WA 6230
  description: Class 6 - Verandah Enclosure Deck,Sea Containers
  info_url: https://ecouncil.bunbury.wa.gov.au/eservice/daEnquiryInit.do?nodeNum=11264
  date_received: '2019-05-15'
  date_scraped: '2019-05-15'
- council_reference: 35384/2019
  address: 1 Yorla Road CAREY PARK WA 6230
  description: Class 10A - Carport Patio
  info_url: https://ecouncil.bunbury.wa.gov.au/eservice/daEnquiryInit.do?nodeNum=11264
  date_received: '2019-04-15'
  date_scraped: '2019-05-15'
- council_reference: 35385/2019
  address: 65 Timperley Road SOUTH BUNBURY WA 6230
  description: Class 10A - Carport (Site 95 Village Caravan)
  info_url: https://ecouncil.bunbury.wa.gov.au/eservice/daEnquiryInit.do?nodeNum=11264
  date_received: '2019-04-15'
  date_scraped: '2019-05-15'
- council_reference: 35386/2019
  address: 36 Bright Street CAREY PARK WA 6230
  description: Class 10A - Patio
  info_url: https://ecouncil.bunbury.wa.gov.au/eservice/daEnquiryInit.do?nodeNum=11264
  date_received: '2019-04-15'
  date_scraped: '2019-05-15'
- council_reference: 35387/2019
  address: 8 Thomas Street BUNBURY WA 6230
  description: Class 10A - Carport
  info_url: https://ecouncil.bunbury.wa.gov.au/eservice/daEnquiryInit.do?nodeNum=11264
  date_received: '2019-04-15'
  date_scraped: '2019-05-15'
- council_reference: 35388/2019
  address: 34 Kurrajong Circle GLEN IRIS WA 6230
  description: Class 1A - Dwelling (Alts & Adds)
  info_url: https://ecouncil.bunbury.wa.gov.au/eservice/daEnquiryInit.do?nodeNum=11264
  date_received: '2019-04-16'
  date_scraped: '2019-05-15'
- council_reference: 35389/2019
  address: 10 Casuarina Drive BUNBURY WA 6230
  description: Class 6 - Shop Fitout (Zeno Vapes Smoke Shop)
  info_url: https://ecouncil.bunbury.wa.gov.au/eservice/daEnquiryInit.do?nodeNum=11264
  date_received: '2019-04-16'
  date_scraped: '2019-05-15'
- council_reference: 35390/2019
  address: 4 Hudson Road SOUTH BUNBURY WA 6230
  description: Class 10B - Fence
  info_url: https://ecouncil.bunbury.wa.gov.au/eservice/daEnquiryInit.do?nodeNum=11264
  date_received: '2019-04-16'
  date_scraped: '2019-05-15'
- council_reference: 35391/2019
  address: 34 Churchill Drive SOUTH BUNBURY WA 6230
  description: Class 1A - Dwelling (Add's & Alt's)
  info_url: https://ecouncil.bunbury.wa.gov.au/eservice/daEnquiryInit.do?nodeNum=11264
  date_received: '2019-04-16'
  date_scraped: '2019-05-15'
- council_reference: 35392/2019
  address: 123 Ocean Drive BUNBURY WA 6230
  description: Class 3 - Motel (OD Office Roof Re-Clad)
  info_url: https://ecouncil.bunbury.wa.gov.au/eservice/daEnquiryInit.do?nodeNum=11264
  date_received: '2019-04-17'
  date_scraped: '2019-05-15'
- council_reference: 35393/2019
  address: Unit 1 3 Upper Esplanade BUNBURY WA 6230
  description: Class 2 - Dwelling Units (Roof Re-Clad)
  info_url: https://ecouncil.bunbury.wa.gov.au/eservice/daEnquiryInit.do?nodeNum=11264
  date_received: '2019-04-17'
  date_scraped: '2019-05-15'
- council_reference: 35394/2019
  address: 13 Stephen Street BUNBURY WA 6230
  description: Class 6 - Shop Fitout
  info_url: https://ecouncil.bunbury.wa.gov.au/eservice/daEnquiryInit.do?nodeNum=11264
  date_received: '2019-04-17'
  date_scraped: '2019-05-15'
- council_reference: 35395/2019
  address: 2 Vittoria Road GLEN IRIS WA 6230
  description: Class 6 -  Extension to Rear of Building Bunbury Farmers Market
  info_url: https://ecouncil.bunbury.wa.gov.au/eservice/daEnquiryInit.do?nodeNum=11264
  date_received: '2019-04-18'
  date_scraped: '2019-05-15'
- council_reference: 35396/2019
  address: 7 Sandridge Road SOUTH BUNBURY WA 6230
  description: Class 5 - Office Fitout (NAB Bunbury)
  info_url: https://ecouncil.bunbury.wa.gov.au/eservice/daEnquiryInit.do?nodeNum=11264
  date_received: '2019-04-23'
  date_scraped: '2019-05-15'
- council_reference: 35397/2019
  address: 25 Symmons Street BUNBURY WA 6230
  description: Class 6 - Shop (Fitout Bar Yours & Mine)
  info_url: https://ecouncil.bunbury.wa.gov.au/eservice/daEnquiryInit.do?nodeNum=11264
  date_received: '2019-04-30'
  date_scraped: '2019-05-15'
- council_reference: 35398/2019
  address: 4 Regents Place COLLEGE GROVE WA 6230
  description: Class 10A - Carport x2
  info_url: https://ecouncil.bunbury.wa.gov.au/eservice/daEnquiryInit.do?nodeNum=11264
  date_received: '2019-04-23'
  date_scraped: '2019-05-15'
- council_reference: 35399/2019
  address: 2 Tobin Place WITHERS WA 6230
  description: Class 10A - Patio
  info_url: https://ecouncil.bunbury.wa.gov.au/eservice/daEnquiryInit.do?nodeNum=11264
  date_received: '2019-04-24'
  date_scraped: '2019-05-15'
- council_reference: 35400/2019
  address: 20A Hayes Street BUNBURY WA 6230
  description: Class 10A - Patio
  info_url: https://ecouncil.bunbury.wa.gov.au/eservice/daEnquiryInit.do?nodeNum=11264
  date_received: '2019-04-24'
  date_scraped: '2019-05-15'
- council_reference: 35401/2019
  address: 42 Strickland Street BUNBURY WA 6230
  description: Class 5 & 6 - Office Shop (Fitout Tenancy 5E Homemaker) New Fitout
    - Shop/Rest. (6)
  info_url: https://ecouncil.bunbury.wa.gov.au/eservice/daEnquiryInit.do?nodeNum=11264
  date_received: '2019-04-24'
  date_scraped: '2019-05-15'
- council_reference: 35402/2019
  address: South Western Highway DAVENPORT WA 6230
  description: Class 5 - Office (Roof Re-Clad CALM)
  info_url: https://ecouncil.bunbury.wa.gov.au/eservice/daEnquiryInit.do?nodeNum=11264
  date_received: '2019-04-26'
  date_scraped: '2019-05-15'
- council_reference: 35403/2019
  address: 7 Babich Lane GLEN IRIS WA 6230
  description: Class 1A - Dwelling
  info_url: https://ecouncil.bunbury.wa.gov.au/eservice/daEnquiryInit.do?nodeNum=11264
  date_received: '2019-04-26'
  date_scraped: '2019-05-15'
- council_reference: 35404/2019
  address: 43 Willis Cove PELICAN POINT WA 6230
  description: Class 10A - Patio (Amendment to Building Permit to include Patio)
  info_url: https://ecouncil.bunbury.wa.gov.au/eservice/daEnquiryInit.do?nodeNum=11264
  date_received: '2019-05-02'
  date_scraped: '2019-05-15'
- council_reference: 35405/2019
  address: 2 Waterwitch Street CAREY PARK WA 6230
  description: Class 10A - Patio
  info_url: https://ecouncil.bunbury.wa.gov.au/eservice/daEnquiryInit.do?nodeNum=11264
  date_received: '2019-04-26'
  date_scraped: '2019-05-15'
- council_reference: 35406/2019
  address: 38 King Road EAST BUNBURY WA 6230
  description: Class 10A - Patio
  info_url: https://ecouncil.bunbury.wa.gov.au/eservice/daEnquiryInit.do?nodeNum=11264
  date_received: '2019-04-26'
  date_scraped: '2019-05-15'
- council_reference: 35407/2019
  address: South Western Highway DAVENPORT WA 6230
  description: Class 8 - Workshop (Former CALM Site)
  info_url: https://ecouncil.bunbury.wa.gov.au/eservice/daEnquiryInit.do?nodeNum=11264
  date_received: '2019-04-26'
  date_scraped: '2019-05-15'
- council_reference: 35408/2019
  address: 93 Beach Road SOUTH BUNBURY WA 6230
  description: Class 10B - Retaining Wall (Unauthorised)
  info_url: https://ecouncil.bunbury.wa.gov.au/eservice/daEnquiryInit.do?nodeNum=11264
  date_received: '2019-04-29'
  date_scraped: '2019-05-15'
- council_reference: 35409/2019
  address: Stirling Street BUNBURY WA 6230
  description: Class 9B - Community Centre (Add's & Alt's Stirling St Arts Centre)
  info_url: https://ecouncil.bunbury.wa.gov.au/eservice/daEnquiryInit.do?nodeNum=11264
  date_received: '2019-04-29'
  date_scraped: '2019-05-15'
- council_reference: 35410/2019
  address: Hastie Street SOUTH BUNBURY WA 6230
  description: Class 10A - Toilet Block (Demolition)
  info_url: https://ecouncil.bunbury.wa.gov.au/eservice/daEnquiryInit.do?nodeNum=11264
  date_received: '2019-05-01'
  date_scraped: '2019-05-15'
- council_reference: 35411/2019
  address: 29 Maiden Park Road WITHERS WA 6230
  description: Class 10B - Front Masonry Wall (Unauthorised)
  info_url: https://ecouncil.bunbury.wa.gov.au/eservice/daEnquiryInit.do?nodeNum=11264
  date_received: '2019-05-02'
  date_scraped: '2019-05-15'
- council_reference: 35412/2019
  address: 58 Constitution Street SOUTH BUNBURY WA 6230
  description: Class 1A - Dwelling (Demolition)
  info_url: https://ecouncil.bunbury.wa.gov.au/eservice/daEnquiryInit.do?nodeNum=11264
  date_received: '2019-05-03'
  date_scraped: '2019-05-15'
- council_reference: 35413/2019
  address: 23 Kurrajong Circle GLEN IRIS WA 6230
  description: Class 10A - Shed & 2x Patio (Unauthorised)
  info_url: https://ecouncil.bunbury.wa.gov.au/eservice/daEnquiryInit.do?nodeNum=11264
  date_received: '2019-05-03'
  date_scraped: '2019-05-15'
- council_reference: 35414/2019
  address: 19 Acacia Street BUNBURY WA 6230
  description: Class 1A - Dwelling (Roof Re-Clad) Tile to Colorbond
  info_url: https://ecouncil.bunbury.wa.gov.au/eservice/daEnquiryInit.do?nodeNum=11264
  date_received: '2019-05-03'
  date_scraped: '2019-05-15'
- council_reference: 35415/2019
  address: 66 Jubilee Road GLEN IRIS WA 6230
  description: Class 10A - Patio
  info_url: https://ecouncil.bunbury.wa.gov.au/eservice/daEnquiryInit.do?nodeNum=11264
  date_received: '2019-05-03'
  date_scraped: '2019-05-15'
- council_reference: 35416/2019
  address: 44 Venn Street EAST BUNBURY WA 6230
  description: Class 10A - Carport and Patio
  info_url: https://ecouncil.bunbury.wa.gov.au/eservice/daEnquiryInit.do?nodeNum=11264
  date_received: '2019-05-06'
  date_scraped: '2019-05-15'
- council_reference: 35417/2019
  address: 7 Garvey Place BUNBURY WA 6230
  description: Class 10B - Fence
  info_url: https://ecouncil.bunbury.wa.gov.au/eservice/daEnquiryInit.do?nodeNum=11264
  date_received: '2019-05-06'
  date_scraped: '2019-05-15'
- council_reference: 35418/2019
  address: 15 Payton Way USHER WA 6230
  description: Class 10A - Patio
  info_url: https://ecouncil.bunbury.wa.gov.au/eservice/daEnquiryInit.do?nodeNum=11264
  date_received: '2019-05-06'
  date_scraped: '2019-05-15'
- council_reference: 35419/2019
  address: 6 Gardner Place SOUTH BUNBURY WA 6230
  description: Class 1A - Dwelling (Demolition)
  info_url: https://ecouncil.bunbury.wa.gov.au/eservice/daEnquiryInit.do?nodeNum=11264
  date_received: '2019-05-06'
  date_scraped: '2019-05-15'
- council_reference: 35420/2019
  address: 96 Jeffrey Road GLEN IRIS WA 6230
  description: Class 10A - Patio Enclosure (Non-habitable)
  info_url: https://ecouncil.bunbury.wa.gov.au/eservice/daEnquiryInit.do?nodeNum=11264
  date_received: '2019-05-07'
  date_scraped: '2019-05-15'
- council_reference: 35421/2019
  address: 30 Queen Street SOUTH BUNBURY WA 6230
  description: Class 1A - Dwelling (Demolition)
  info_url: https://ecouncil.bunbury.wa.gov.au/eservice/daEnquiryInit.do?nodeNum=11264
  date_received: '2019-05-07'
  date_scraped: '2019-05-15'
- council_reference: 35422/2019
  address: 9A Gibson Street SOUTH BUNBURY WA 6230
  description: Class 10A - Verandah & Pergola Class 10B Wall
  info_url: https://ecouncil.bunbury.wa.gov.au/eservice/daEnquiryInit.do?nodeNum=11264
  date_received: '2019-05-08'
  date_scraped: '2019-05-15'
- council_reference: 35423/2019
  address: 24B College Row SOUTH BUNBURY WA 6230
  description: Class 10A - Patio (Unauthorised)
  info_url: https://ecouncil.bunbury.wa.gov.au/eservice/daEnquiryInit.do?nodeNum=11264
  date_received: '2019-05-13'
  date_scraped: '2019-05-15'
- council_reference: 35424/2019
  address: 7 Mason Street DAVENPORT WA 6230
  description: Class 10A - Patio
  info_url: https://ecouncil.bunbury.wa.gov.au/eservice/daEnquiryInit.do?nodeNum=11264
  date_received: '2019-05-13'
  date_scraped: '2019-05-15'
- council_reference: 35425/2019
  address: 41C Wisbey Street CAREY PARK WA 6230
  description: Class 10A - Patio
  info_url: https://ecouncil.bunbury.wa.gov.au/eservice/daEnquiryInit.do?nodeNum=11264
  date_received: '2019-05-14'
  date_scraped: '2019-05-15'
- council_reference: 35426/2019
  address: 13 San Marco Promenade PELICAN POINT WA 6230
  description: Class 1A - Dwelling
  info_url: https://ecouncil.bunbury.wa.gov.au/eservice/daEnquiryInit.do?nodeNum=11264
  date_received: '2019-05-14'
  date_scraped: '2019-05-15'
- council_reference: 35427/2019
  address: 10 Fradelos Place USHER WA 6230
  description: Class 1A - Dwelling (Add's & Alt's)
  info_url: https://ecouncil.bunbury.wa.gov.au/eservice/daEnquiryInit.do?nodeNum=11264
  date_received: '2019-05-14'
  date_scraped: '2019-05-15'
- council_reference: 35428/2019
  address: 15 Venn Street EAST BUNBURY WA 6230
  description: Class 10B - Retaining Wall (Unauthorised)
  info_url: https://ecouncil.bunbury.wa.gov.au/eservice/daEnquiryInit.do?nodeNum=11264
  date_received: '2019-05-14'
  date_scraped: '2019-05-15'
- council_reference: 35429/2019
  address: Unit 1 1 Spencer Street BUNBURY WA 6230
  description: Class 6 - Office Renovations & Alterations (Ablution Block) WC Block
  info_url: https://ecouncil.bunbury.wa.gov.au/eservice/daEnquiryInit.do?nodeNum=11264
  date_received: '2019-05-15'
  date_scraped: '2019-05-15'
- council_reference: 35430/2019
  address: Unit 1 1 Spencer Street BUNBURY WA 6230
  description: Class 6 - Office Renovations & Alterations (Ramp)
  info_url: https://ecouncil.bunbury.wa.gov.au/eservice/daEnquiryInit.do?nodeNum=11264
  date_received: '2019-05-15'
  date_scraped: '2019-05-15'
- council_reference: 35431/2019
  address: South Western Highway DAVENPORT WA 6230
  description: Class 7B - Aircraft Hangar (Site 70)
  info_url: https://ecouncil.bunbury.wa.gov.au/eservice/daEnquiryInit.do?nodeNum=11264
  date_received: '2019-05-15'
  date_scraped: '2019-05-15'
- council_reference: 35433/2019
  address: Unit 4 29 Hayes Street BUNBURY WA 6230
  description: Class 10B - Swimming Pool
  info_url: https://ecouncil.bunbury.wa.gov.au/eservice/daEnquiryInit.do?nodeNum=11264
  date_received: '2019-05-15'
  date_scraped: '2019-05-15'
- council_reference: 35434/2019
  address: 69 Craigie Street DAVENPORT WA 6230
  description: Class 10B - Solar Panel Installation
  info_url: https://ecouncil.bunbury.wa.gov.au/eservice/daEnquiryInit.do?nodeNum=11264
  date_received: '2019-05-15'
  date_scraped: '2019-05-15'
- council_reference: 58/2019
  address: 26 Zoe Street BUNBURY WA 6230
  description: Education Establishment Carport
  info_url: https://ecouncil.bunbury.wa.gov.au/eservice/daEnquiryInit.do?nodeNum=11264
  date_received: '2019-04-15'
  date_scraped: '2019-05-15'
- council_reference: 60/2019
  address: Unit 6 7 Wollaston Street BUNBURY WA 6230
  description: Grouped Dwelling Pergola
  info_url: https://ecouncil.bunbury.wa.gov.au/eservice/daEnquiryInit.do?nodeNum=11264
  date_received: '2019-04-15'
  date_scraped: '2019-05-15'
- council_reference: 61/2019
  address: 69 Craigie Street DAVENPORT WA 6230
  description: Warehouse/Storage Solar Panel Installation
  info_url: https://ecouncil.bunbury.wa.gov.au/eservice/daEnquiryInit.do?nodeNum=11264
  date_received: '2019-04-15'
  date_scraped: '2019-05-15'
- council_reference: 62/2019
  address: 7 Thomas Street BUNBURY WA 6230
  description: Grouped Dwelling Front Fence (Retrospective), Proposed Carparking Spaces
    & Electric Gate
  info_url: https://ecouncil.bunbury.wa.gov.au/eservice/daEnquiryInit.do?nodeNum=11264
  date_received: '2019-04-16'
  date_scraped: '2019-05-15'
- council_reference: 64/2019
  address: Wimbledon Way WITHERS WA 6230
  description: Club Premises Signage (Badminton)
  info_url: https://ecouncil.bunbury.wa.gov.au/eservice/daEnquiryInit.do?nodeNum=11264
  date_received: '2019-04-16'
  date_scraped: '2019-05-15'
- council_reference: 65/2019
  address: 13 Stephen Street BUNBURY WA 6230
  description: Shop Shop Fit Out
  info_url: https://ecouncil.bunbury.wa.gov.au/eservice/daEnquiryInit.do?nodeNum=11264
  date_received: '2019-04-18'
  date_scraped: '2019-05-15'
- council_reference: 66/2019
  address: 60 Sandridge Road EAST BUNBURY WA 6230
  description: Fast Food Outlet Signage (KFC Banner Sign)
  info_url: https://ecouncil.bunbury.wa.gov.au/eservice/daEnquiryInit.do?nodeNum=11264
  date_received: '2019-04-18'
  date_scraped: '2019-05-15'
- council_reference: 67/2019
  address: 41 Flynn Street EAST BUNBURY WA 6230
  description: Place of Worship Fire Repairs
  info_url: https://ecouncil.bunbury.wa.gov.au/eservice/daEnquiryInit.do?nodeNum=11264
  date_received: '2019-04-18'
  date_scraped: '2019-05-15'
- council_reference: 68/2019
  address: 14 Absolon Street CAREY PARK WA 6230
  description: Single House Shed
  info_url: https://ecouncil.bunbury.wa.gov.au/eservice/daEnquiryInit.do?nodeNum=11264
  date_received: '2019-04-23'
  date_scraped: '2019-05-15'
- council_reference: 69/2019
  address: 37 Tuart Street BUNBURY WA 6230
  description: Single House Shed x2
  info_url: https://ecouncil.bunbury.wa.gov.au/eservice/daEnquiryInit.do?nodeNum=11264
  date_received: '2019-04-23'
  date_scraped: '2019-05-15'
- council_reference: 70/2019
  address: Unit 7 13 Forrest Avenue SOUTH BUNBURY WA 6230
  description: Grouped Dwelling Grouped Dwelling (2 Storey)
  info_url: https://ecouncil.bunbury.wa.gov.au/eservice/daEnquiryInit.do?nodeNum=11264
  date_received: '2019-04-23'
  date_scraped: '2019-05-15'
- council_reference: 71/2019
  address: Anchorage Cove BUNBURY WA 6230
  description: Community Purpose Shade Sails x3
  info_url: https://ecouncil.bunbury.wa.gov.au/eservice/daEnquiryInit.do?nodeNum=11264
  date_received: '2019-04-26'
  date_scraped: '2019-05-15'
- council_reference: 72/2019
  address: 19 Lerici Circle PELICAN POINT WA 6230
  description: Single House Single House (Variations to Boundary Walls & Outdoor Living
    Areas)
  info_url: https://ecouncil.bunbury.wa.gov.au/eservice/daEnquiryInit.do?nodeNum=11264
  date_received: '2019-04-18'
  date_scraped: '2019-05-15'
- council_reference: 73/2018
  address: 9 Dodson Road GLEN IRIS WA 6230
  description: Bulky Goods Showroom Amendment
  info_url: https://ecouncil.bunbury.wa.gov.au/eservice/daEnquiryInit.do?nodeNum=11264
  date_received: '2019-05-14'
  date_scraped: '2019-05-15'
- council_reference: 73/2019
  address: 11 Hildas Close COLLEGE GROVE WA 6230
  description: Single House Tree Removal (within exclusion zone)
  info_url: https://ecouncil.bunbury.wa.gov.au/eservice/daEnquiryInit.do?nodeNum=11264
  date_received: '2019-04-26'
  date_scraped: '2019-05-15'
- council_reference: 74/2019
  address: 123 Ocean Drive BUNBURY WA 6230
  description: Motel Roof Re-Clad
  info_url: https://ecouncil.bunbury.wa.gov.au/eservice/daEnquiryInit.do?nodeNum=11264
  date_received: '2019-04-29'
  date_scraped: '2019-05-15'
- council_reference: 75/2019
  address: Unit 1 3 Upper Esplanade BUNBURY WA 6230
  description: Grouped Dwelling Roof Re-Clad
  info_url: https://ecouncil.bunbury.wa.gov.au/eservice/daEnquiryInit.do?nodeNum=11264
  date_received: '2019-04-29'
  date_scraped: '2019-05-15'
- council_reference: 76/2019
  address: 72 Victoria Street BUNBURY WA 6230
  description: Shop Signage
  info_url: https://ecouncil.bunbury.wa.gov.au/eservice/daEnquiryInit.do?nodeNum=11264
  date_received: '2019-05-02'
  date_scraped: '2019-05-15'
- council_reference: 77/2019
  address: 1 Cambridge Crescent EAST BUNBURY WA 6230
  description: Single House Retrospective Patio (reduced setback)
  info_url: https://ecouncil.bunbury.wa.gov.au/eservice/daEnquiryInit.do?nodeNum=11264
  date_received: '2019-05-02'
  date_scraped: '2019-05-15'
- council_reference: 78/2019
  address: Unit 6 11 Victoria Street BUNBURY WA 6230
  description: Office Signage (MacKillop Family Services)
  info_url: https://ecouncil.bunbury.wa.gov.au/eservice/daEnquiryInit.do?nodeNum=11264
  date_received: '2019-05-06'
  date_scraped: '2019-05-15'
- council_reference: 79/2019
  address: 23 Lowe Street CAREY PARK WA 6230
  description: Grouped Dwelling Grouped Dwelling
  info_url: https://ecouncil.bunbury.wa.gov.au/eservice/daEnquiryInit.do?nodeNum=11264
  date_received: '2019-05-08'
  date_scraped: '2019-05-15'
- council_reference: 80/2019
  address: 11A Montgomery Road SOUTH BUNBURY WA 6230
  description: Grouped Dwelling Grouped Dwelling
  info_url: https://ecouncil.bunbury.wa.gov.au/eservice/daEnquiryInit.do?nodeNum=11264
  date_received: '2019-05-08'
  date_scraped: '2019-05-15'
- council_reference: 81/2019
  address: 122 Blair Street BUNBURY WA 6230
  description: Use Not Listed Alterations & Additions (Facade & Carparking)
  info_url: https://ecouncil.bunbury.wa.gov.au/eservice/daEnquiryInit.do?nodeNum=11264
  date_received: '2019-05-09'
  date_scraped: '2019-05-15'
- council_reference: 82/2019
  address: Unit 1 1 Spencer Street BUNBURY WA 6230
  description: Office Access Ramp & Doors
  info_url: https://ecouncil.bunbury.wa.gov.au/eservice/daEnquiryInit.do?nodeNum=11264
  date_received: '2019-05-14'
  date_scraped: '2019-05-15'
- council_reference: 83/2019
  address: 7 Shanahan Road DAVENPORT WA 6230
  description: Industry - Light Workshop Additions
  info_url: https://ecouncil.bunbury.wa.gov.au/eservice/daEnquiryInit.do?nodeNum=11264
  date_received: '2019-05-15'
  date_scraped: '2019-05-15'
