---
- council_reference: 41/2019
  address: 42-50 Railway Parade BURWOOD  NSW  2134
  description: Creation of Shop 52 A. Fitout and change of use from a retail store
    to a dance studio
  info_url: https://ecouncil.burwood.nsw.gov.au/eservice/daEnquiryInit.do?doc_typ=10&nodeNum=219
  comment_url: mailto:council@burwood.nsw.gov.au?subject=Development+Application+Enquiry%3A+41%2F2019
  date_scraped: '2019-05-15'
  date_received: '2019-05-15'
