---
- council_reference: 1201/2019
  address: 10 Scott Street BRANXHOLM TAS 7261
  description: Boundary Adjustment and Consolidation ( 4 lots into 3 lots) (Re-adver
    Subdivision - Boundary Adjustment
  info_url: https://eservices.dorset.tas.gov.au/eservice/daEnquiryInit.do?nodeNum=12238
  date_received: '2019-04-30'
  date_scraped: '2019-05-15'
- council_reference: 1202/2019
  address: 2620 Waterhouse Road WATERHOUSE TAS 7262
  description: Subdivision  (Boundary Adjustment - 2 Lots) Subdivision - Boundary
    Adjustment
  info_url: https://eservices.dorset.tas.gov.au/eservice/daEnquiryInit.do?nodeNum=12238
  date_received: '2019-05-03'
  date_scraped: '2019-05-15'
- council_reference: 42/2019
  address: 46 Main Street BRIDPORT TAS 7262
  description: Building Addition Other
  info_url: https://eservices.dorset.tas.gov.au/eservice/daEnquiryInit.do?nodeNum=12238
  date_received: '2019-04-16'
  date_scraped: '2019-05-15'
- council_reference: 43/2019
  address: 401 East Minstone Road SCOTTSDALE TAS 7260
  description: Single Dwelling Additions House
  info_url: https://eservices.dorset.tas.gov.au/eservice/daEnquiryInit.do?nodeNum=12238
  date_received: '2019-04-16'
  date_scraped: '2019-05-15'
- council_reference: 44/2019
  address: 1 Fry Street RINGAROOMA TAS 7263
  description: Shipping container with relaxation of non-residential use (Village
    cha Shipping container with relaxation of non-residential use (village character)
    Standards
  info_url: https://eservices.dorset.tas.gov.au/eservice/daEnquiryInit.do?nodeNum=12238
  date_received: '2019-04-17'
  date_scraped: '2019-05-15'
- council_reference: 45/2019
  address: 13 Renison Street DERBY TAS 7264
  description: Single Dwelling with relaxation of i) Roof form and Materials and ii)
    Single Dwelling with relaxation of i) Roof form and Materials and ii) Wall Material
    Standards
  info_url: https://eservices.dorset.tas.gov.au/eservice/daEnquiryInit.do?nodeNum=12238
  date_received: '2019-04-30'
  date_scraped: '2019-05-15'
- council_reference: 46/2019
  address: 16 Neville Drive BRIDPORT TAS 7262
  description: Single Dwelling and Shed House
  info_url: https://eservices.dorset.tas.gov.au/eservice/daEnquiryInit.do?nodeNum=12238
  date_received: '2019-05-01'
  date_scraped: '2019-05-15'
- council_reference: 47/2019
  address: 17 Therese Street BRIDPORT TAS 7262
  description: Shed with relaxation of frontage setback standards Shed
  info_url: https://eservices.dorset.tas.gov.au/eservice/daEnquiryInit.do?nodeNum=12238
  date_received: '2019-05-02'
  date_scraped: '2019-05-15'
- council_reference: 48/2019
  address: 13 Esplanade DERBY TAS 7264
  description: New Tourist Accommodation X3
  info_url: https://eservices.dorset.tas.gov.au/eservice/daEnquiryInit.do?nodeNum=12238
  date_received: '2019-04-18'
  date_scraped: '2019-05-15'
- council_reference: 49/2019
  address: 160 Westwood Street BRIDPORT TAS 7262
  description: Single Dwelling with relaxation of sunlight and privacy standards House
  info_url: https://eservices.dorset.tas.gov.au/eservice/daEnquiryInit.do?nodeNum=12238
  date_received: '2019-05-07'
  date_scraped: '2019-05-15'
- council_reference: 50/2019
  address: 146 Westwood Street BRIDPORT TAS 7262
  description: Carport Carport
  info_url: https://eservices.dorset.tas.gov.au/eservice/daEnquiryInit.do?nodeNum=12238
  date_received: '2019-05-09'
  date_scraped: '2019-05-15'
