---
- council_reference: 154/2019
  address: 18-20 Alexander Avenue EVANSTON SOUTH SA 5116
  description: Storage shed
  info_url: https://eservices.gawler.sa.gov.au/eservice/daEnquiryInit.do?doc_typ=4&nodeNum=3228
  date_received: '2019-04-15'
  date_scraped: '2019-05-15'
- council_reference: 161/2019
  address: 31 Hillier Road EVANSTON SA 5116
  description: Single storey transpotable dwelling and carport (12.7m x 3.6m x 3.3m
    height)
  info_url: https://eservices.gawler.sa.gov.au/eservice/daEnquiryInit.do?doc_typ=4&nodeNum=3228
  date_received: '2019-05-08'
  date_scraped: '2019-05-15'
- council_reference: 162/2019
  address: 31 Clifford Road HILLIER SA 5116
  description: Single storey transportable dwelling and carport (12.7m x 3.6m x 3.3m
    height)
  info_url: https://eservices.gawler.sa.gov.au/eservice/daEnquiryInit.do?doc_typ=4&nodeNum=3228
  date_received: '2019-05-08'
  date_scraped: '2019-05-15'
- council_reference: 176/2019
  address: 3 Chamberlain Road WILLASTON SA 5118
  description: Two Single Storey Dwellings
  info_url: https://eservices.gawler.sa.gov.au/eservice/daEnquiryInit.do?doc_typ=4&nodeNum=3228
  date_received: '2019-04-15'
  date_scraped: '2019-05-15'
- council_reference: 177/2019
  address: 8 McKinlay Avenue GAWLER EAST SA 5118
  description: Land Division (Boundary Re-allignment) and Fencing associated with
    a Local Heritage Place
  info_url: https://eservices.gawler.sa.gov.au/eservice/daEnquiryInit.do?doc_typ=4&nodeNum=3228
  date_received: '2019-04-15'
  date_scraped: '2019-05-15'
- council_reference: 178/2019
  address: 18-20 Alexander Avenue EVANSTON SOUTH SA 5116
  description: Verandah (max post height 2.5 metres)
  info_url: https://eservices.gawler.sa.gov.au/eservice/daEnquiryInit.do?doc_typ=4&nodeNum=3228
  date_received: '2019-04-15'
  date_scraped: '2019-05-15'
- council_reference: 179/2019
  address: 2 Murray Hillier Court HILLIER SA 5116
  description: Single Storey Detached Dwelling
  info_url: https://eservices.gawler.sa.gov.au/eservice/daEnquiryInit.do?doc_typ=4&nodeNum=3228
  date_received: '2019-04-15'
  date_scraped: '2019-05-15'
- council_reference: 180/2019
  address: 37 Phillips Avenue GAWLER EAST SA 5118
  description: Carport (6m x 6.3m x 2.4m)
  info_url: https://eservices.gawler.sa.gov.au/eservice/daEnquiryInit.do?doc_typ=4&nodeNum=3228
  date_received: '2019-04-15'
  date_scraped: '2019-05-15'
- council_reference: 181/2019
  address: 1 First Street GAWLER SOUTH SA 5118
  description: Land Division (Boundary re-alignment)
  info_url: https://eservices.gawler.sa.gov.au/eservice/daEnquiryInit.do?doc_typ=4&nodeNum=3228
  date_received: '2019-04-16'
  date_scraped: '2019-05-15'
- council_reference: 182/2019
  address: 11 Bosley Way GAWLER EAST SA 5118
  description: Verandah
  info_url: https://eservices.gawler.sa.gov.au/eservice/daEnquiryInit.do?doc_typ=4&nodeNum=3228
  date_received: '2019-04-16'
  date_scraped: '2019-05-15'
- council_reference: 183/2019
  address: 65 Haines Road WILLASTON SA 5118
  description: Domestic Outbuilding (shed) measuring 9 metres x 6.9 metres x 3 metres
    maximum wall height
  info_url: https://eservices.gawler.sa.gov.au/eservice/daEnquiryInit.do?doc_typ=4&nodeNum=3228
  date_received: '2019-04-16'
  date_scraped: '2019-05-15'
- council_reference: 184/2019
  address: 14 Barker Street WILLASTON SA 5118
  description: Tree Damaging Activity (Removal of One Regulated Tree (PinusHallepensis/
    Allepo Pine))
  info_url: https://eservices.gawler.sa.gov.au/eservice/daEnquiryInit.do?doc_typ=4&nodeNum=3228
  date_received: '2019-04-16'
  date_scraped: '2019-05-15'
- council_reference: 185/2019
  address: 83 Main North Road WILLASTON SA 5118
  description: Land Division (1 into 3) Communtiy Title
  info_url: https://eservices.gawler.sa.gov.au/eservice/daEnquiryInit.do?doc_typ=4&nodeNum=3228
  date_received: '2019-04-17'
  date_scraped: '2019-05-15'
- council_reference: 186/2019
  address: 3 Cleland Court WILLASTON SA 5118
  description: Land Division (1 into 2) Torrens Title
  info_url: https://eservices.gawler.sa.gov.au/eservice/daEnquiryInit.do?doc_typ=4&nodeNum=3228
  date_received: '2019-04-17'
  date_scraped: '2019-05-15'
- council_reference: 187/2019
  address: 1 Kellys Road WILLASTON SA 5118
  description: Change of Use to Gymnasium (Non-complying) and signage
  info_url: https://eservices.gawler.sa.gov.au/eservice/daEnquiryInit.do?doc_typ=4&nodeNum=3228
  date_received: '2019-04-17'
  date_scraped: '2019-05-15'
- council_reference: 188/2019
  address: 2 Bosley Way GAWLER EAST SA 5118
  description: Single Storey Detached Dwelling
  info_url: https://eservices.gawler.sa.gov.au/eservice/daEnquiryInit.do?doc_typ=4&nodeNum=3228
  date_received: '2019-04-17'
  date_scraped: '2019-05-15'
- council_reference: 189/2019
  address: 16 Leonard Avenue EVANSTON SOUTH SA 5116
  description: Verandah (5.1m x 4m x 2.7m)
  info_url: https://eservices.gawler.sa.gov.au/eservice/daEnquiryInit.do?doc_typ=4&nodeNum=3228
  date_received: '2019-04-17'
  date_scraped: '2019-05-15'
- council_reference: 190/2019
  address: 3 McLean Road GAWLER EAST SA 5118
  description: Replacement Verandah
  info_url: https://eservices.gawler.sa.gov.au/eservice/daEnquiryInit.do?doc_typ=4&nodeNum=3228
  date_received: '2019-04-17'
  date_scraped: '2019-05-15'
- council_reference: 191/2019
  address: 84 Dalkeith Road KUDLA SA 5115
  description: Enclosed Verandah (25.33m x 8.5m x 3m)
  info_url: https://eservices.gawler.sa.gov.au/eservice/daEnquiryInit.do?doc_typ=4&nodeNum=3228
  date_received: '2019-04-18'
  date_scraped: '2019-05-15'
- council_reference: 192/2019
  address: Krieg Road EVANSTON PARK SA 5116
  description: Single Storey Detached Dwelling and 22,500 Litre Rainwater Tank
  info_url: https://eservices.gawler.sa.gov.au/eservice/daEnquiryInit.do?doc_typ=4&nodeNum=3228
  date_received: '2019-04-18'
  date_scraped: '2019-05-15'
- council_reference: 193/2019
  address: 21 Thirteenth Street GAWLER SOUTH SA 5118
  description: Verandah (5 metre (L) x 4 metre (w) x 2.3 metre (post height))
  info_url: https://eservices.gawler.sa.gov.au/eservice/daEnquiryInit.do?doc_typ=4&nodeNum=3228
  date_received: '2019-04-18'
  date_scraped: '2019-05-15'
- council_reference: 194/2019
  address: Krieg Road EVANSTON PARK SA 5116
  description: Removal of Significant/Regulated Tree
  info_url: https://eservices.gawler.sa.gov.au/eservice/daEnquiryInit.do?doc_typ=4&nodeNum=3228
  date_received: '2019-04-23'
  date_scraped: '2019-05-15'
- council_reference: 195/2019
  address: 27 Potts Road EVANSTON PARK SA 5116
  description: Outbuilding (6m x 4m x 2m)
  info_url: https://eservices.gawler.sa.gov.au/eservice/daEnquiryInit.do?doc_typ=4&nodeNum=3228
  date_received: '2019-04-26'
  date_scraped: '2019-05-15'
- council_reference: 196/2019
  address: 320 Hillier Road HILLIER SA 5116
  description: Garage
  info_url: https://eservices.gawler.sa.gov.au/eservice/daEnquiryInit.do?doc_typ=4&nodeNum=3228
  date_received: '2019-04-26'
  date_scraped: '2019-05-15'
- council_reference: 197/2019
  address: 1 Hayward Drive EVANSTON PARK SA 5116
  description: Screening (Maximum Height 2.8 metres)
  info_url: https://eservices.gawler.sa.gov.au/eservice/daEnquiryInit.do?doc_typ=4&nodeNum=3228
  date_received: '2019-04-26'
  date_scraped: '2019-05-15'
- council_reference: 198/2019
  address: 1 Hayward Drive EVANSTON PARK SA 5116
  description: Verandah (2.7m x 5.6m x 2.7m)
  info_url: https://eservices.gawler.sa.gov.au/eservice/daEnquiryInit.do?doc_typ=4&nodeNum=3228
  date_received: '2019-04-26'
  date_scraped: '2019-05-15'
- council_reference: 199/2019
  address: 1 Bombardieri Court EVANSTON PARK SA 5116
  description: Additions and Alterations to Existing Domestic Outbuilding
  info_url: https://eservices.gawler.sa.gov.au/eservice/daEnquiryInit.do?doc_typ=4&nodeNum=3228
  date_received: '2019-04-26'
  date_scraped: '2019-05-15'
- council_reference: 200/2019
  address: 9 Luxton Avenue GAWLER EAST SA 5118
  description: Single Storey Detached Dwelling
  info_url: https://eservices.gawler.sa.gov.au/eservice/daEnquiryInit.do?doc_typ=4&nodeNum=3228
  date_received: '2019-04-29'
  date_scraped: '2019-05-15'
- council_reference: 201/2019
  address: 27 High Street GAWLER EAST SA 5118
  description: Land Division (Torrens Title 1 into 2) Torrens Title
  info_url: https://eservices.gawler.sa.gov.au/eservice/daEnquiryInit.do?doc_typ=4&nodeNum=3228
  date_received: '2019-04-30'
  date_scraped: '2019-05-15'
- council_reference: 202/2019
  address: 44 Redbanks Road WILLASTON SA 5118
  description: Outbuilding (15.3m x 4.4m x 3m)
  info_url: https://eservices.gawler.sa.gov.au/eservice/daEnquiryInit.do?doc_typ=4&nodeNum=3228
  date_received: '2019-04-30'
  date_scraped: '2019-05-15'
- council_reference: 203/2019
  address: 31 Clifford Road HILLIER SA 5116
  description: Construction of Decking
  info_url: https://eservices.gawler.sa.gov.au/eservice/daEnquiryInit.do?doc_typ=4&nodeNum=3228
  date_received: '2019-04-30'
  date_scraped: '2019-05-15'
- council_reference: 204/2019
  address: 3 Mary Street GAWLER EAST SA 5118
  description: Land Division (1 into 2) Torrens Title
  info_url: https://eservices.gawler.sa.gov.au/eservice/daEnquiryInit.do?doc_typ=4&nodeNum=3228
  date_received: '2019-05-01'
  date_scraped: '2019-05-15'
- council_reference: 205/2019
  address: 5 Tiver Road EVANSTON SOUTH SA 5116
  description: Removal of Regulated Tree
  info_url: https://eservices.gawler.sa.gov.au/eservice/daEnquiryInit.do?doc_typ=4&nodeNum=3228
  date_received: '2019-05-01'
  date_scraped: '2019-05-15'
- council_reference: 206/2019
  address: 3 Wintulich Avenue GAWLER EAST SA 5118
  description: Residential Outbuilding (6.1m x 6.1m x 3.22m max height)
  info_url: https://eservices.gawler.sa.gov.au/eservice/daEnquiryInit.do?doc_typ=4&nodeNum=3228
  date_received: '2019-05-02'
  date_scraped: '2019-05-15'
- council_reference: 207/2019
  address: 6 Bosley Way GAWLER EAST SA 5118
  description: Single Storey Detached Dwelling including retaining walls and fencing
  info_url: https://eservices.gawler.sa.gov.au/eservice/daEnquiryInit.do?doc_typ=4&nodeNum=3228
  date_received: '2019-05-02'
  date_scraped: '2019-05-15'
- council_reference: 208/2019
  address: 45 Calton Road GAWLER EAST SA 5118
  description: Additions and Alterations to existing Single Storey Detached Dwelling
  info_url: https://eservices.gawler.sa.gov.au/eservice/daEnquiryInit.do?doc_typ=4&nodeNum=3228
  date_received: '2019-05-02'
  date_scraped: '2019-05-15'
- council_reference: 209/2019
  address: 2 Crown Street GAWLER EAST SA 5118
  description: Freestanding Carport (6 metres (W) x 12 metres (L) x 3.3 metres (post
    height))
  info_url: https://eservices.gawler.sa.gov.au/eservice/daEnquiryInit.do?doc_typ=4&nodeNum=3228
  date_received: '2019-05-02'
  date_scraped: '2019-05-15'
- council_reference: 210/2019
  address: 8 Williams Street EVANSTON PARK SA 5116
  description: Carport
  info_url: https://eservices.gawler.sa.gov.au/eservice/daEnquiryInit.do?doc_typ=4&nodeNum=3228
  date_received: '2019-05-02'
  date_scraped: '2019-05-15'
- council_reference: 211/2019
  address: 3A Eucalypt Drive GAWLER EAST SA 5118
  description: Domestic Outbuilding (15.2m (L) x 7.6m (W) x 3.3m (wall height))
  info_url: https://eservices.gawler.sa.gov.au/eservice/daEnquiryInit.do?doc_typ=4&nodeNum=3228
  date_received: '2019-05-02'
  date_scraped: '2019-05-15'
- council_reference: 212/2019
  address: 11 Blake Close EVANSTON SA 5116
  description: Shed
  info_url: https://eservices.gawler.sa.gov.au/eservice/daEnquiryInit.do?doc_typ=4&nodeNum=3228
  date_received: '2019-05-03'
  date_scraped: '2019-05-15'
- council_reference: 213/2019
  address: 14 Taylor Street GAWLER EAST SA 5118
  description: Tree Damaging Activity (Removal of One Regulated Tree (Brown Mallet
    /Eucalyptus astringens))
  info_url: https://eservices.gawler.sa.gov.au/eservice/daEnquiryInit.do?doc_typ=4&nodeNum=3228
  date_received: '2019-05-03'
  date_scraped: '2019-05-15'
- council_reference: 214/2019
  address: Barnet Road EVANSTON SA 5116
  description: Alterations to existing building (porticos x2)
  info_url: https://eservices.gawler.sa.gov.au/eservice/daEnquiryInit.do?doc_typ=4&nodeNum=3228
  date_received: '2019-05-03'
  date_scraped: '2019-05-15'
- council_reference: 215/2019
  address: 2 Murray Hillier Court HILLIER SA 5116
  description: Temporary (2 years) change in use to carparking in association with
    display homes
  info_url: https://eservices.gawler.sa.gov.au/eservice/daEnquiryInit.do?doc_typ=4&nodeNum=3228
  date_received: '2019-05-03'
  date_scraped: '2019-05-15'
- council_reference: 216/2019
  address: 8 Ryde Street GAWLER WEST SA 5118
  description: Verandah (12m x 5.5m x 3.1m)
  info_url: https://eservices.gawler.sa.gov.au/eservice/daEnquiryInit.do?doc_typ=4&nodeNum=3228
  date_received: '2019-05-03'
  date_scraped: '2019-05-15'
- council_reference: 217/2019
  address: 4 Hogben Avenue REID SA 5118
  description: Domestic Outbuilding (Garage)
  info_url: https://eservices.gawler.sa.gov.au/eservice/daEnquiryInit.do?doc_typ=4&nodeNum=3228
  date_received: '2019-05-06'
  date_scraped: '2019-05-15'
- council_reference: 218/2019
  address: 10 Riggs Lane GAWLER EAST SA 5118
  description: Single Storey Detached Dwelling
  info_url: https://eservices.gawler.sa.gov.au/eservice/daEnquiryInit.do?doc_typ=4&nodeNum=3228
  date_received: '2019-05-10'
  date_scraped: '2019-05-15'
- council_reference: 219/2019
  address: 5 Forgie Court GAWLER EAST SA 5118
  description: Verandah (max post height 2.8m)
  info_url: https://eservices.gawler.sa.gov.au/eservice/daEnquiryInit.do?doc_typ=4&nodeNum=3228
  date_received: '2019-05-10'
  date_scraped: '2019-05-15'
- council_reference: 220/2019
  address: NATIONAL PHARMACIES
  description: Internal Shop Fitout
  info_url: https://eservices.gawler.sa.gov.au/eservice/daEnquiryInit.do?doc_typ=4&nodeNum=3228
  date_received: '2019-05-13'
  date_scraped: '2019-05-15'
- council_reference: 221/2019
  address: 23A East Terrace GAWLER EAST SA 5118
  description: Single Storey Detached Dwelling
  info_url: https://eservices.gawler.sa.gov.au/eservice/daEnquiryInit.do?doc_typ=4&nodeNum=3228
  date_received: '2019-05-14'
  date_scraped: '2019-05-15'
