---
- council_reference: 100/2019
  address: 55 Cox Road SUNLANDS SA 5322
  description: Freestanding Skillion Roof Carport
  info_url: https://eservices.loxtonwaikerie.sa.gov.au/eservice/daEnquiryInit.do?nodeNum=2811
  date_received: '2019-05-01'
  date_scraped: '2019-05-15'
- council_reference: 101/2019
  address: Lot 43 River Drive PAISLEY SA 5357
  description: New Solar Panels
  info_url: https://eservices.loxtonwaikerie.sa.gov.au/eservice/daEnquiryInit.do?nodeNum=2811
  date_received: '2019-05-02'
  date_scraped: '2019-05-15'
- council_reference: 102/2019
  address: 1278 Gordon Road LOXTON SA 5333
  description: To erect a ground mounted solar farm in association with an existing
    dwelling for domestic power consumption
  info_url: https://eservices.loxtonwaikerie.sa.gov.au/eservice/daEnquiryInit.do?nodeNum=2811
  date_received: '2019-05-01'
  date_scraped: '2019-05-15'
- council_reference: 103/2019
  address: Section 9A Obst Road BUGLE HUT SA 5311
  description: Shed
  info_url: https://eservices.loxtonwaikerie.sa.gov.au/eservice/daEnquiryInit.do?nodeNum=2811
  date_received: '2019-05-03'
  date_scraped: '2019-05-15'
- council_reference: 104/2019
  address: 5 Keith Payne Court LOXTON SA 5333
  description: Domestic Outbuilding
  info_url: https://eservices.loxtonwaikerie.sa.gov.au/eservice/daEnquiryInit.do?nodeNum=2811
  date_received: '2019-05-03'
  date_scraped: '2019-05-15'
- council_reference: 105/2019
  address: WAIKERIE LIFESTYLE VILLAGE 49 Peake Terrace WAIKERIE SA 5330
  description: New Transportable Building
  info_url: https://eservices.loxtonwaikerie.sa.gov.au/eservice/daEnquiryInit.do?nodeNum=2811
  date_received: '2019-05-07'
  date_scraped: '2019-05-15'
- council_reference: 106/2019
  address: Waikerie Bowling Club Inc Lot 1C Sichler Street WAIKERIE SA 5330
  description: Clubroom addition
  info_url: https://eservices.loxtonwaikerie.sa.gov.au/eservice/daEnquiryInit.do?nodeNum=2811
  date_received: '2019-05-08'
  date_scraped: '2019-05-15'
- council_reference: 107/2019
  address: 13 Schick Street LOXTON SA 5333
  description: Verandah attached to dwelling
  info_url: https://eservices.loxtonwaikerie.sa.gov.au/eservice/daEnquiryInit.do?nodeNum=2811
  date_received: '2019-05-10'
  date_scraped: '2019-05-15'
- council_reference: 108/2019
  address: Lot 41 Farley Road KINGSTON ON MURRAY SA 5331
  description: New Pump Site
  info_url: https://eservices.loxtonwaikerie.sa.gov.au/eservice/daEnquiryInit.do?nodeNum=2811
  date_received: '2019-05-10'
  date_scraped: '2019-05-15'
- council_reference: 109/2019
  address: 9 William Street LOXTON SA 5333
  description: Freestanding Verandah
  info_url: https://eservices.loxtonwaikerie.sa.gov.au/eservice/daEnquiryInit.do?nodeNum=2811
  date_received: '2019-05-14'
  date_scraped: '2019-05-15'
- council_reference: 11/2019
  address: 8 Ian Oliver Drive WAIKERIE SA 5330
  description: New Land Division
  info_url: https://eservices.loxtonwaikerie.sa.gov.au/eservice/daEnquiryInit.do?nodeNum=2811
  date_received: '2019-05-10'
  date_scraped: '2019-05-15'
- council_reference: 110/2019
  address: 117 Paruna Road LOXTON SA 5333
  description: Carport with enclosed front
  info_url: https://eservices.loxtonwaikerie.sa.gov.au/eservice/daEnquiryInit.do?nodeNum=2811
  date_received: '2019-05-06'
  date_scraped: '2019-05-15'
- council_reference: 111/2019
  address: 30 Bookpurnong Terrace LOXTON SA 5333
  description: Domestic Outbuilding
  info_url: https://eservices.loxtonwaikerie.sa.gov.au/eservice/daEnquiryInit.do?nodeNum=2811
  date_received: '2019-05-06'
  date_scraped: '2019-05-15'
- council_reference: 12/2019
  address: 649 Schultz Road WOOLPUNDA SA 5330
  description: New Land Division
  info_url: https://eservices.loxtonwaikerie.sa.gov.au/eservice/daEnquiryInit.do?nodeNum=2811
  date_received: '2019-05-08'
  date_scraped: '2019-05-15'
- council_reference: 13/2019
  address: 13 Blake Road WAIKERIE SA 5330
  description: New Land Division
  info_url: https://eservices.loxtonwaikerie.sa.gov.au/eservice/daEnquiryInit.do?nodeNum=2811
  date_received: '2019-05-11'
  date_scraped: '2019-05-15'
- council_reference: 154/2019
  address: 2 Railway Terrace WAIKERIE SA 5330
  description: Advertising signage affixed to existing shop
  info_url: https://eservices.loxtonwaikerie.sa.gov.au/eservice/daEnquiryInit.do?nodeNum=2811
  date_received: '2019-05-13'
  date_scraped: '2019-05-15'
- council_reference: 222/2018
  address: 20 Third Street LOXTON SA 5333
  description: "Dwelling alterations and additions, garae, swimming pool and decking\r\nGarage
    only (Staged Consent)"
  info_url: https://eservices.loxtonwaikerie.sa.gov.au/eservice/daEnquiryInit.do?nodeNum=2811
  date_received: '2019-05-15'
  date_scraped: '2019-05-15'
- council_reference: 23/2019
  address: Lot 3 Ballantine Road GOLDEN HEIGHTS SA 5322
  description: Two plastic greenhouses
  info_url: https://eservices.loxtonwaikerie.sa.gov.au/eservice/daEnquiryInit.do?nodeNum=2811
  date_received: '2019-05-15'
  date_scraped: '2019-05-15'
- council_reference: 233/2018
  address: Loxton Sporting Precinct 25 Bookpurnong Terrace LOXTON SA 5333
  description: "Variation to DA 551/290/2017 - New Sporting Complex - VARIATIONS:
    changes to main building external appearance and internal layout, removal of two
    tennis courts, and change of ground surfacing to large carpark area\r\nStage 3
    - Super Structure Only"
  info_url: https://eservices.loxtonwaikerie.sa.gov.au/eservice/daEnquiryInit.do?nodeNum=2811
  date_received: '2019-05-03'
  date_scraped: '2019-05-15'
- council_reference: 305/2018
  address: 24 Mcmillan Street LOXTON SA 5333
  description: Dwelling extensions, carport, and demolition
  info_url: https://eservices.loxtonwaikerie.sa.gov.au/eservice/daEnquiryInit.do?nodeNum=2811
  date_received: '2019-05-09'
  date_scraped: '2019-05-15'
- council_reference: 320/2017
  address: 45 East Terrace LOXTON SA 5333
  description: Refurbishment to Existing Hotel, New Verandah, New Entry and Additional
    Car Parking - Stage 1 (Internal and  External Alterations to Hotel)
  info_url: https://eservices.loxtonwaikerie.sa.gov.au/eservice/daEnquiryInit.do?nodeNum=2811
  date_received: '2019-05-06'
  date_scraped: '2019-05-15'
- council_reference: 70/2019
  address: 47 Kruesler Road WAIKERIE SA 5330
  description: Domestic Outbuilding
  info_url: https://eservices.loxtonwaikerie.sa.gov.au/eservice/daEnquiryInit.do?nodeNum=2811
  date_received: '2019-04-26'
  date_scraped: '2019-05-15'
- council_reference: 85/2019
  address: 104 Taplan Road LOXTON SA 5333
  description: To establish a ground mounted solar facility (in association with existing
    wastewater treatment plant), with associated fencing and landscaping
  info_url: https://eservices.loxtonwaikerie.sa.gov.au/eservice/daEnquiryInit.do?nodeNum=2811
  date_received: '2019-05-04'
  date_scraped: '2019-05-15'
- council_reference: 90/2019
  address: 45 Gurney Road LOXTON NORTH SA 5333
  description: Verandah attached to dwelling
  info_url: https://eservices.loxtonwaikerie.sa.gov.au/eservice/daEnquiryInit.do?nodeNum=2811
  date_received: '2019-04-15'
  date_scraped: '2019-05-15'
- council_reference: 91/2019
  address: 81 Wheatley Road LOXTON SA 5333
  description: Freestanding Carport
  info_url: https://eservices.loxtonwaikerie.sa.gov.au/eservice/daEnquiryInit.do?nodeNum=2811
  date_received: '2019-04-16'
  date_scraped: '2019-05-15'
- council_reference: 92/2019
  address: 85 Badcoe Road LOXTON SA 5333
  description: Swimming Pool
  info_url: https://eservices.loxtonwaikerie.sa.gov.au/eservice/daEnquiryInit.do?nodeNum=2811
  date_received: '2019-04-16'
  date_scraped: '2019-05-15'
- council_reference: 93/2019
  address: 271 Newton Road LOXTON SA 5333
  description: To establish tourist accommodation for up to 8 people
  info_url: https://eservices.loxtonwaikerie.sa.gov.au/eservice/daEnquiryInit.do?nodeNum=2811
  date_received: '2019-04-18'
  date_scraped: '2019-05-15'
- council_reference: 94/2019
  address: 3 Ebert Court LOXTON SA 5333
  description: Shed extension
  info_url: https://eservices.loxtonwaikerie.sa.gov.au/eservice/daEnquiryInit.do?nodeNum=2811
  date_received: '2019-04-23'
  date_scraped: '2019-05-15'
- council_reference: 95/2019
  address: 16 Hall Crescent LOXTON SA 5333
  description: Freestanding Carport
  info_url: https://eservices.loxtonwaikerie.sa.gov.au/eservice/daEnquiryInit.do?nodeNum=2811
  date_received: '2019-04-23'
  date_scraped: '2019-05-15'
- council_reference: 96/2019
  address: 39 Casson Avenue LOXTON NORTH SA 5333
  description: New Shed
  info_url: https://eservices.loxtonwaikerie.sa.gov.au/eservice/daEnquiryInit.do?nodeNum=2811
  date_received: '2019-04-23'
  date_scraped: '2019-05-15'
- council_reference: 97/2019
  address: 650 Kingston Road MOOROOK SA 5332
  description: External and internal alterations to existing dwelling
  info_url: https://eservices.loxtonwaikerie.sa.gov.au/eservice/daEnquiryInit.do?nodeNum=2811
  date_received: '2019-04-23'
  date_scraped: '2019-05-15'
- council_reference: 98/2019
  address: 252 Kibby Road LOXTON SA 5333
  description: New Dwelling
  info_url: https://eservices.loxtonwaikerie.sa.gov.au/eservice/daEnquiryInit.do?nodeNum=2811
  date_received: '2019-04-23'
  date_scraped: '2019-05-15'
- council_reference: 99/2019
  address: 39 Peake Terrace WAIKERIE SA 5330
  description: Domestic outbuilding
  info_url: https://eservices.loxtonwaikerie.sa.gov.au/eservice/daEnquiryInit.do?nodeNum=2811
  date_received: '2019-04-29'
  date_scraped: '2019-05-15'
