---
- council_reference: 100/2019
  address: 13 McDonald Street MOUNT GAMBIER SA 5290
  description: To construct a verandah
  info_url: https://ecouncil.mountgambier.sa.gov.au/eservice/daEnquiryInit.do?nodeNum=21461
  date_received: '2019-04-01'
  date_scraped: '2019-05-15'
- council_reference: 101/2019
  address: 16-18 Collins Drive SUTTONTOWN SA 5291
  description: To construct a detached dwelling and associated freestanding garage
  info_url: https://ecouncil.mountgambier.sa.gov.au/eservice/daEnquiryInit.do?nodeNum=21461
  date_received: '2019-04-02'
  date_scraped: '2019-05-15'
- council_reference: 102/2019
  address: 6 Boucaut Street MOUNT GAMBIER SA 5290
  description: To demolish an existing garage and to construct a detached garage with
    attached carport in association with the existing residential dwelling
  info_url: https://ecouncil.mountgambier.sa.gov.au/eservice/daEnquiryInit.do?nodeNum=21461
  date_received: '2019-04-02'
  date_scraped: '2019-05-15'
- council_reference: 103/2019
  address: 17-19 Anniefield Lane MOUNT GAMBIER SA 5290
  description: To construct a detached dwelling and an associated freestanding garage
    (22m x12m)
  info_url: https://ecouncil.mountgambier.sa.gov.au/eservice/daEnquiryInit.do?nodeNum=21461
  date_received: '2019-04-02'
  date_scraped: '2019-05-15'
- council_reference: 104/2019
  address: Unit 2 206 Commercial Street East MOUNT GAMBIER SA 5290
  description: To change the use of the existing residential unit to that of short
    term accommodation
  info_url: https://ecouncil.mountgambier.sa.gov.au/eservice/daEnquiryInit.do?nodeNum=21461
  date_received: '2019-04-03'
  date_scraped: '2019-05-15'
- council_reference: 105/2019
  address: 10 DeGaris Street MOUNT GAMBIER SA 5290
  description: To demolish an existing garage and to construct a new garage in association
    with an existing dwelling
  info_url: https://ecouncil.mountgambier.sa.gov.au/eservice/daEnquiryInit.do?nodeNum=21461
  date_received: '2019-04-03'
  date_scraped: '2019-05-15'
- council_reference: 106/2019
  address: 49 Pinehurst Drive WORROLONG SA 5291
  description: To construct a detached residential outbuilding (garage) in association
    with a residential dwelling
  info_url: https://ecouncil.mountgambier.sa.gov.au/eservice/daEnquiryInit.do?nodeNum=21461
  date_received: '2019-04-05'
  date_scraped: '2019-05-15'
- council_reference: 107/2019
  address: 1 Jessie Place MOUNT GAMBIER SA 5290
  description: To construct a detached dwelling
  info_url: https://ecouncil.mountgambier.sa.gov.au/eservice/daEnquiryInit.do?nodeNum=21461
  date_received: '2019-04-05'
  date_scraped: '2019-05-15'
- council_reference: 108/2019
  address: 71 Suttontown Road MOUNT GAMBIER SA 5290
  description: No description provided
  info_url: https://ecouncil.mountgambier.sa.gov.au/eservice/daEnquiryInit.do?nodeNum=21461
  date_received: '2019-04-04'
  date_scraped: '2019-05-15'
- council_reference: 109/2019
  address: 17 Ramsay Avenue MOUNT GAMBIER SA 5290
  description: To construct a carport
  info_url: https://ecouncil.mountgambier.sa.gov.au/eservice/daEnquiryInit.do?nodeNum=21461
  date_received: '2019-04-09'
  date_scraped: '2019-05-15'
- council_reference: 110/2019
  address: Unit 1 6 Lansell Street MOUNT GAMBIER SA 5290
  description: To change the use of the existing dwelling to that of short term accommodation
  info_url: https://ecouncil.mountgambier.sa.gov.au/eservice/daEnquiryInit.do?nodeNum=21461
  date_received: '2019-04-09'
  date_scraped: '2019-05-15'
- council_reference: 111/2019
  address: 1 Candlewood Court MOUNT GAMBIER SA 5290
  description: No description provided
  info_url: https://ecouncil.mountgambier.sa.gov.au/eservice/daEnquiryInit.do?nodeNum=21461
  date_received: '2019-04-15'
  date_scraped: '2019-05-15'
- council_reference: 112/2019
  address: 391-397 Commercial Street West MOUNT GAMBIER SA 5290
  description: To construct a canopy at the rear of the existing building in association
    with the existing service trade premises use
  info_url: https://ecouncil.mountgambier.sa.gov.au/eservice/daEnquiryInit.do?nodeNum=21461
  date_received: '2019-04-18'
  date_scraped: '2019-05-15'
- council_reference: 113/2019
  address: 46 Pinehurst Drive WORROLONG SA 5291
  description: To construct a detached dwelling (Only)
  info_url: https://ecouncil.mountgambier.sa.gov.au/eservice/daEnquiryInit.do?nodeNum=21461
  date_received: '2019-04-18'
  date_scraped: '2019-05-15'
- council_reference: 114/2019
  address: 26 Montgomery Avenue MOUNT GAMBIER SA 5290
  description: To demolish part of the existing single storey residential dwelling
    and to construct single storey dwelling additions to the rear of the dwelling
  info_url: https://ecouncil.mountgambier.sa.gov.au/eservice/daEnquiryInit.do?nodeNum=21461
  date_received: '2019-04-18'
  date_scraped: '2019-05-15'
- council_reference: 115/2019
  address: 14 Augusta Court WORROLONG SA 5291
  description: To construct a single storey detached residential dwelling with garage,
    portico and verandah under main roofline
  info_url: https://ecouncil.mountgambier.sa.gov.au/eservice/daEnquiryInit.do?nodeNum=21461
  date_received: '2019-04-23'
  date_scraped: '2019-05-15'
- council_reference: 116/2019
  address: 2 Parkway Avenue MOUNT GAMBIER SA 5290
  description: To Construct a detached residential outbuilding (shed) in association
    with an existing residential dwelling
  info_url: https://ecouncil.mountgambier.sa.gov.au/eservice/daEnquiryInit.do?nodeNum=21461
  date_received: '2019-04-30'
  date_scraped: '2019-05-15'
- council_reference: 117/2019
  address: 9 Ralston Road MOUNT GAMBIER SA 5290
  description: To change the use from an existing warehouse and office to that of
    an indoor nursery and associated warehousing and offices.
  info_url: https://ecouncil.mountgambier.sa.gov.au/eservice/daEnquiryInit.do?nodeNum=21461
  date_received: '2019-04-30'
  date_scraped: '2019-05-15'
- council_reference: 120/2019
  address: 1 Buffalo Crescent MOUNT GAMBIER SA 5290
  description: To construct a detached single storey residential dwelling with garage,
    verandah and portico under main roofline
  info_url: https://ecouncil.mountgambier.sa.gov.au/eservice/daEnquiryInit.do?nodeNum=21461
  date_received: '2019-05-01'
  date_scraped: '2019-05-15'
- council_reference: 121/2019
  address: 23 Collins Drive SUTTONTOWN SA 5291
  description: To construct a detached dwelling
  info_url: https://ecouncil.mountgambier.sa.gov.au/eservice/daEnquiryInit.do?nodeNum=21461
  date_received: '2019-05-01'
  date_scraped: '2019-05-15'
- council_reference: 122/2019
  address: 4 Rose Street MOUNT GAMBIER SA 5290
  description: To demolish an existing garage and to construct a single storey detached
    residential dwelling with garage, vernadah and portico under main roofline
  info_url: https://ecouncil.mountgambier.sa.gov.au/eservice/daEnquiryInit.do?nodeNum=21461
  date_received: '2019-05-03'
  date_scraped: '2019-05-15'
- council_reference: 123/2019
  address: 8 Edward Street MOUNT GAMBIER SA 5290
  description: Change of use from a dwelling to short term accomodation
  info_url: https://ecouncil.mountgambier.sa.gov.au/eservice/daEnquiryInit.do?nodeNum=21461
  date_received: '2019-05-06'
  date_scraped: '2019-05-15'
- council_reference: 124/2019
  address: Unit 2 6 Lansell Street MOUNT GAMBIER SA 5290
  description: To change the use of the property from residential dwelling to short
    term accommodation
  info_url: https://ecouncil.mountgambier.sa.gov.au/eservice/daEnquiryInit.do?nodeNum=21461
  date_received: '2019-05-06'
  date_scraped: '2019-05-15'
- council_reference: 125/2019
  address: 13-15 Commercial Street East MOUNT GAMBIER SA 5290
  description: To construct modifications to the front and rear of the existing shop
  info_url: https://ecouncil.mountgambier.sa.gov.au/eservice/daEnquiryInit.do?nodeNum=21461
  date_received: '2019-05-06'
  date_scraped: '2019-05-15'
- council_reference: 126/2019
  address: 10 Shaughnessy Court MOUNT GAMBIER SA 5290
  description: No description provided
  info_url: https://ecouncil.mountgambier.sa.gov.au/eservice/daEnquiryInit.do?nodeNum=21461
  date_received: '2019-05-06'
  date_scraped: '2019-05-15'
- council_reference: 127/2019
  address: 22 Hedley Street MOUNT GAMBIER SA 5290
  description: To construct a retaining wall
  info_url: https://ecouncil.mountgambier.sa.gov.au/eservice/daEnquiryInit.do?nodeNum=21461
  date_received: '2019-05-07'
  date_scraped: '2019-05-15'
- council_reference: 128/2019
  address: 310 Commercial Street West MOUNT GAMBIER SA 5290
  description: To construct a warehouse, workshop, showroom and associated offices,
    including landscaping, signage and carparking
  info_url: https://ecouncil.mountgambier.sa.gov.au/eservice/daEnquiryInit.do?nodeNum=21461
  date_received: '2019-05-07'
  date_scraped: '2019-05-15'
- council_reference: 129/2019
  address: 10 Stella Place MOUNT GAMBIER SA 5290
  description: To construct a detached dwelling and associated retaining walls
  info_url: https://ecouncil.mountgambier.sa.gov.au/eservice/daEnquiryInit.do?nodeNum=21461
  date_received: '2019-05-07'
  date_scraped: '2019-05-15'
- council_reference: 130/2019
  address: 2 Joanna Place MOUNT GAMBIER SA 5290
  description: To demolish existing outbuilding and to construct a detached residential
    outbuilding (garage) in association with the existing residential dwelling
  info_url: https://ecouncil.mountgambier.sa.gov.au/eservice/daEnquiryInit.do?nodeNum=21461
  date_received: '2019-05-08'
  date_scraped: '2019-05-15'
- council_reference: 131/2019
  address: 16A James Street MOUNT GAMBIER SA 5290
  description: To construct signage in association with an existing office
  info_url: https://ecouncil.mountgambier.sa.gov.au/eservice/daEnquiryInit.do?nodeNum=21461
  date_received: '2019-05-09'
  date_scraped: '2019-05-15'
- council_reference: 132/2019
  address: 88 Wehl Street South MOUNT GAMBIER SA 5290
  description: No description provided
  info_url: https://ecouncil.mountgambier.sa.gov.au/eservice/daEnquiryInit.do?nodeNum=21461
  date_received: '2019-05-09'
  date_scraped: '2019-05-15'
- council_reference: 133/2019
  address: Unit 5 4 Underwood Avenue MOUNT GAMBIER SA 5290
  description: No description provided
  info_url: https://ecouncil.mountgambier.sa.gov.au/eservice/daEnquiryInit.do?nodeNum=21461
  date_received: '2019-05-10'
  date_scraped: '2019-05-15'
- council_reference: 134/2019
  address: Unit 2 1A Ehret Street MOUNT GAMBIER SA 5290
  description: To change the use of the dwelling to that of short term accommodation
  info_url: https://ecouncil.mountgambier.sa.gov.au/eservice/daEnquiryInit.do?nodeNum=21461
  date_received: '2019-05-10'
  date_scraped: '2019-05-15'
- council_reference: 135/2019
  address: Unit 1 7 Frewville Place MOUNT GAMBIER SA 5290
  description: To change the use from dwellings to short term accommodation
  info_url: https://ecouncil.mountgambier.sa.gov.au/eservice/daEnquiryInit.do?nodeNum=21461
  date_received: '2019-05-13'
  date_scraped: '2019-05-15'
- council_reference: 136/2019
  address: 168 Lake Terrace East MOUNT GAMBIER SA 5290
  description: To demolish existing garaging/outbuildings and to construct a garage
    in association with an attached residential dwelling
  info_url: https://ecouncil.mountgambier.sa.gov.au/eservice/daEnquiryInit.do?nodeNum=21461
  date_received: '2019-05-14'
  date_scraped: '2019-05-15'
- council_reference: 137/2019
  address: 13 Ritana Road MOUNT GAMBIER SA 5290
  description: No description provided
  info_url: https://ecouncil.mountgambier.sa.gov.au/eservice/daEnquiryInit.do?nodeNum=21461
  date_received: '2019-05-14'
  date_scraped: '2019-05-15'
- council_reference: 138/2019
  address: 117 Crouch Street North MOUNT GAMBIER SA 5290
  description: Change of use from a wool processing facility to that of a twenty hour
    (24) hour gymnasium, with associated carpaking and signage
  info_url: https://ecouncil.mountgambier.sa.gov.au/eservice/daEnquiryInit.do?nodeNum=21461
  date_received: '2019-05-14'
  date_scraped: '2019-05-15'
- council_reference: 139/2019
  address: 178 Commercial Street East MOUNT GAMBIER SA 5290
  description: No description provided
  info_url: https://ecouncil.mountgambier.sa.gov.au/eservice/daEnquiryInit.do?nodeNum=21461
  date_received: '2019-05-14'
  date_scraped: '2019-05-15'
- council_reference: 140/2019
  address: 6 Lakes Park Drive OB FLAT SA 5291
  description: To construct a detached dwelling with garage, portico and verandah
    under main roofline and a detached residential outbuilding (garage)
  info_url: https://ecouncil.mountgambier.sa.gov.au/eservice/daEnquiryInit.do?nodeNum=21461
  date_received: '2019-05-15'
  date_scraped: '2019-05-15'
- council_reference: 141/2019
  address: SHOPT T19&T20/ 182-202 Penola Road MOUNT GAMBIER SA 5290
  description: No description provided
  info_url: https://ecouncil.mountgambier.sa.gov.au/eservice/daEnquiryInit.do?nodeNum=21461
  date_received: '2019-05-15'
  date_scraped: '2019-05-15'
- council_reference: 76/2019
  address: 13 Mickail Court MOUNT GAMBIER SA 5290
  description: To construct a detached dwelling with garage, verandah and portico
    under main roofline
  info_url: https://ecouncil.mountgambier.sa.gov.au/eservice/daEnquiryInit.do?nodeNum=21461
  date_received: '2019-03-18'
  date_scraped: '2019-05-15'
- council_reference: 77/2019
  address: 101 Lake Terrace East MOUNT GAMBIER SA 5290
  description: To construct three (3) independent living units in association with
    an existing aged care facility.
  info_url: https://ecouncil.mountgambier.sa.gov.au/eservice/daEnquiryInit.do?nodeNum=21461
  date_received: '2019-03-18'
  date_scraped: '2019-05-15'
- council_reference: 78/2019
  address: 58-60 Bay Road MOUNT GAMBIER SA 5290
  description: To construct a garage and pergola in association with a existing dwelling
    (Local Heritage Place) in the Bay Road Hostoric Conservation Policy Area
  info_url: https://ecouncil.mountgambier.sa.gov.au/eservice/daEnquiryInit.do?nodeNum=21461
  date_received: '2019-03-15'
  date_scraped: '2019-05-15'
- council_reference: 79/2019
  address: 118 Jubilee Highway East MOUNT GAMBIER SA 5290
  description: To change the use from a dwelling to short term accommodation
  info_url: https://ecouncil.mountgambier.sa.gov.au/eservice/daEnquiryInit.do?nodeNum=21461
  date_received: '2019-03-18'
  date_scraped: '2019-05-15'
- council_reference: 80/2019
  address: 16 Crouch Street North MOUNT GAMBIER SA 5290
  description: To change of the use of the dwelling to that of short term accommodation
  info_url: https://ecouncil.mountgambier.sa.gov.au/eservice/daEnquiryInit.do?nodeNum=21461
  date_received: '2019-03-18'
  date_scraped: '2019-05-15'
- council_reference: 81/2019
  address: 21 North Terrace MOUNT GAMBIER SA 5290
  description: Change of use from a dwelling to that of short term accommodation
  info_url: https://ecouncil.mountgambier.sa.gov.au/eservice/daEnquiryInit.do?nodeNum=21461
  date_received: '2019-03-18'
  date_scraped: '2019-05-15'
- council_reference: 82/2019
  address: 11 Crouch Street North MOUNT GAMBIER SA 5290
  description: To change of the use of the dwelling to that of short term accommodation
  info_url: https://ecouncil.mountgambier.sa.gov.au/eservice/daEnquiryInit.do?nodeNum=21461
  date_received: '2019-03-18'
  date_scraped: '2019-05-15'
- council_reference: 83/2019
  address: 15 Gwendoline Street MOUNT GAMBIER SA 5290
  description: To construct dwelling additions
  info_url: https://ecouncil.mountgambier.sa.gov.au/eservice/daEnquiryInit.do?nodeNum=21461
  date_received: '2019-03-18'
  date_scraped: '2019-05-15'
- council_reference: 84/2019
  address: Unit 1 37 Bertha Street MOUNT GAMBIER SA 5290
  description: To change the use of the three (3) existing residential units to that
    of a Tourist Accommodation Complex for the provision of short term accommodation
  info_url: https://ecouncil.mountgambier.sa.gov.au/eservice/daEnquiryInit.do?nodeNum=21461
  date_received: '2019-03-20'
  date_scraped: '2019-05-15'
- council_reference: 85/2019
  address: 179 Penola Road MOUNT GAMBIER SA 5290
  description: To change the use from a dwelling and associated garaging to that of
    a dwelling and a dance studio and associated car parking
  info_url: https://ecouncil.mountgambier.sa.gov.au/eservice/daEnquiryInit.do?nodeNum=21461
  date_received: '2019-03-20'
  date_scraped: '2019-05-15'
- council_reference: 86/2019
  address: 85 Crouch Street South MOUNT GAMBIER SA 5290
  description: To construct a verandah and deck in association with an existing dwelling
  info_url: https://ecouncil.mountgambier.sa.gov.au/eservice/daEnquiryInit.do?nodeNum=21461
  date_received: '2019-03-20'
  date_scraped: '2019-05-15'
- council_reference: 87/2019
  address: 38 John Powell Drive MOUNT GAMBIER SA 5290
  description: To construct a single storey detached dwelling with garage, portico
    and verandah under main roofline, and a detached residential outbuilding
  info_url: https://ecouncil.mountgambier.sa.gov.au/eservice/daEnquiryInit.do?nodeNum=21461
  date_received: '2019-03-21'
  date_scraped: '2019-05-15'
- council_reference: 88/2019
  address: 5 Arthur Street MOUNT GAMBIER SA 5290
  description: To construct a detached garage in association with an existing residential
    dwelling
  info_url: https://ecouncil.mountgambier.sa.gov.au/eservice/daEnquiryInit.do?nodeNum=21461
  date_received: '2019-03-21'
  date_scraped: '2019-05-15'
- council_reference: 89/2019
  address: 2A Winston Terrace MOUNT GAMBIER SA 5290
  description: To construct solar panels on an existing dwelling
  info_url: https://ecouncil.mountgambier.sa.gov.au/eservice/daEnquiryInit.do?nodeNum=21461
  date_received: '2019-03-21'
  date_scraped: '2019-05-15'
- council_reference: 90/2019
  address: 42 Lorikeet Street MOUNT GAMBIER SA 5290
  description: No description provided
  info_url: https://ecouncil.mountgambier.sa.gov.au/eservice/daEnquiryInit.do?nodeNum=21461
  date_received: '2019-03-25'
  date_scraped: '2019-05-15'
- council_reference: 91/2019
  address: 1 Wills Court MOUNT GAMBIER SA 5290
  description: To construct a detached dwelling
  info_url: https://ecouncil.mountgambier.sa.gov.au/eservice/daEnquiryInit.do?nodeNum=21461
  date_received: '2019-03-25'
  date_scraped: '2019-05-15'
- council_reference: 92/2019
  address: ATM Unit 2 182-202 Penola Road MOUNT GAMBIER SA 5290
  description: To construct a fast food restaurant with an associated drive thru,
    signage, car parking and landscaping
  info_url: https://ecouncil.mountgambier.sa.gov.au/eservice/daEnquiryInit.do?nodeNum=21461
  date_received: '2019-03-25'
  date_scraped: '2019-05-15'
- council_reference: 93/2019
  address: 27 Crouch Street South MOUNT GAMBIER SA 5290
  description: To change the use from an existing retail showroom to that of offices
    and associated signage
  info_url: https://ecouncil.mountgambier.sa.gov.au/eservice/daEnquiryInit.do?nodeNum=21461
  date_received: '2019-03-27'
  date_scraped: '2019-05-15'
- council_reference: 94/2019
  address: 33-35 White Avenue MOUNT GAMBIER SA 5290
  description: To construct a undercover canopy in association with the existing storage
    shed use
  info_url: https://ecouncil.mountgambier.sa.gov.au/eservice/daEnquiryInit.do?nodeNum=21461
  date_received: '2019-03-27'
  date_scraped: '2019-05-15'
- council_reference: 95/2019
  address: 22 Stiles Street MOUNT GAMBIER SA 5290
  description: To construct a carport in association with an existing dwelling
  info_url: https://ecouncil.mountgambier.sa.gov.au/eservice/daEnquiryInit.do?nodeNum=21461
  date_received: '2019-03-27'
  date_scraped: '2019-05-15'
- council_reference: 96/2019
  address: 52 Pinehurst Drive WORROLONG SA 5291
  description: To construct a detached dwelling and a freestanding garage
  info_url: https://ecouncil.mountgambier.sa.gov.au/eservice/daEnquiryInit.do?nodeNum=21461
  date_received: '2019-03-27'
  date_scraped: '2019-05-15'
- council_reference: 97/2019
  address: 67 Bay Road MOUNT GAMBIER SA 5290
  description: To construct an addition to rear of dwelling
  info_url: https://ecouncil.mountgambier.sa.gov.au/eservice/daEnquiryInit.do?nodeNum=21461
  date_received: '2019-03-27'
  date_scraped: '2019-05-15'
- council_reference: 98/2019
  address: 16-18 Avey Road MOUNT GAMBIER SA 5290
  description: to change the use of the subject land to be utilised for truck parking
    in association with the existing workshop use (at 365 Commercial Street West Mount
    Gambier)
  info_url: https://ecouncil.mountgambier.sa.gov.au/eservice/daEnquiryInit.do?nodeNum=21461
  date_received: '2019-03-28'
  date_scraped: '2019-05-15'
- council_reference: 99/2019
  address: 260 Jubilee Highway West SUTTONTOWN SA 5291
  description: No description provided
  info_url: https://ecouncil.mountgambier.sa.gov.au/eservice/daEnquiryInit.do?nodeNum=21461
  date_received: '2019-04-01'
  date_scraped: '2019-05-15'
