---
- council_reference: 203/2019
  address: Unit 12 10 Davis Road GLYNDE SA 5070
  description: Construction of a Verandah
  info_url: https://ecouncil.npsp.sa.gov.au/eservice/daEnquiryInit.do?doc_typ=155&nodeNum=10209
  date_received: '2019-04-15'
  date_scraped: '2019-05-15'
- council_reference: 204/2019
  address: 48 Morris Street EVANDALE SA 5069
  description: Demolition of a Carport and the Construction of a sloping hipped Carport
  info_url: https://ecouncil.npsp.sa.gov.au/eservice/daEnquiryInit.do?doc_typ=155&nodeNum=10209
  date_received: '2019-04-15'
  date_scraped: '2019-05-15'
- council_reference: 205/2019
  address: 104 Seventh Avenue ST PETERS SA 5069
  description: Significant Tree Removal - Southern Blue Gum
  info_url: https://ecouncil.npsp.sa.gov.au/eservice/daEnquiryInit.do?doc_typ=155&nodeNum=10209
  date_received: '2019-04-15'
  date_scraped: '2019-05-15'
- council_reference: 206/2019
  address: 34 Battams Road MARDEN SA 5070
  description: Demolition
  info_url: https://ecouncil.npsp.sa.gov.au/eservice/daEnquiryInit.do?doc_typ=155&nodeNum=10209
  date_received: '2019-04-15'
  date_scraped: '2019-05-15'
- council_reference: 207/2019
  address: 16 Janet Street EVANDALE SA 5069
  description: Single storey alterations and additions to a dwelling
  info_url: https://ecouncil.npsp.sa.gov.au/eservice/daEnquiryInit.do?doc_typ=155&nodeNum=10209
  date_received: '2019-04-15'
  date_scraped: '2019-05-15'
- council_reference: 208/2019
  address: 23 Northumberland Street HEATHPOOL SA 5068
  description: Alterations and additions to a dwelling, carport, workshop, shed and
    fencing
  info_url: https://ecouncil.npsp.sa.gov.au/eservice/daEnquiryInit.do?doc_typ=155&nodeNum=10209
  date_received: '2019-04-15'
  date_scraped: '2019-05-15'
- council_reference: 209/2019
  address: Unit 5 17 Rosella Street PAYNEHAM SA 5070
  description: Verandah
  info_url: https://ecouncil.npsp.sa.gov.au/eservice/daEnquiryInit.do?doc_typ=155&nodeNum=10209
  date_received: '2019-04-15'
  date_scraped: '2019-05-15'
- council_reference: 210/2019
  address: 96 The Parade NORWOOD SA 5067
  description: Construction of a Signage Arch
  info_url: https://ecouncil.npsp.sa.gov.au/eservice/daEnquiryInit.do?doc_typ=155&nodeNum=10209
  date_received: '2019-04-16'
  date_scraped: '2019-05-15'
- council_reference: 211/2019
  address: Unit 6 14 Kapunda Terrace PAYNEHAM SA 5070
  description: Addition of another carport to existing unit carports closer to the
    primary street
  info_url: https://ecouncil.npsp.sa.gov.au/eservice/daEnquiryInit.do?doc_typ=155&nodeNum=10209
  date_received: '2019-04-17'
  date_scraped: '2019-05-15'
- council_reference: 212/2019
  address: 39 Winchester Street ST PETERS SA 5069
  description: Verandah
  info_url: https://ecouncil.npsp.sa.gov.au/eservice/daEnquiryInit.do?doc_typ=155&nodeNum=10209
  date_received: '2019-04-17'
  date_scraped: '2019-05-15'
- council_reference: 213/2019
  address: 36C Avonmore Avenue TRINITY GARDENS SA 5068
  description: Construction of a Single-storey dwelling, Swimming Pool, boundary fencing
    not exceeding 2.4 metres and a masonry front fence.
  info_url: https://ecouncil.npsp.sa.gov.au/eservice/daEnquiryInit.do?doc_typ=155&nodeNum=10209
  date_received: '2019-04-18'
  date_scraped: '2019-05-15'
- council_reference: 214/2019
  address: 43 Riverside Drive FELIXSTOW SA 5070
  description: Demolition of a shed/garage
  info_url: https://ecouncil.npsp.sa.gov.au/eservice/daEnquiryInit.do?doc_typ=155&nodeNum=10209
  date_received: '2019-04-18'
  date_scraped: '2019-05-15'
- council_reference: 215/2019
  address: 16 Kapoola Avenue FELIXSTOW SA 5070
  description: Demolition of a detached dwelling
  info_url: https://ecouncil.npsp.sa.gov.au/eservice/daEnquiryInit.do?doc_typ=155&nodeNum=10209
  date_received: '2019-04-18'
  date_scraped: '2019-05-15'
- council_reference: 216/2019
  address: Unit 2 304 The Parade KENSINGTON SA 5068
  description: Insallation of disabled ramp and landscaping
  info_url: https://ecouncil.npsp.sa.gov.au/eservice/daEnquiryInit.do?doc_typ=155&nodeNum=10209
  date_received: '2019-04-23'
  date_scraped: '2019-05-15'
- council_reference: 217/2019
  address: 6B Torrens Avenue FELIXSTOW SA 5070
  description: Two storey detached dwelling
  info_url: https://ecouncil.npsp.sa.gov.au/eservice/daEnquiryInit.do?doc_typ=155&nodeNum=10209
  date_received: '2019-04-23'
  date_scraped: '2019-05-15'
- council_reference: 219/2019
  address: 18 Canterbury Avenue TRINITY GARDENS SA 5068
  description: Construction of a Swimming Pool and Safety Fence
  info_url: https://ecouncil.npsp.sa.gov.au/eservice/daEnquiryInit.do?doc_typ=155&nodeNum=10209
  date_received: '2019-04-24'
  date_scraped: '2019-05-15'
- council_reference: 220/2019
  address: 35 Shirley Avenue FELIXSTOW SA 5070
  description: Construction of a front fence with masonry pillars that are 1.2m in
    height
  info_url: https://ecouncil.npsp.sa.gov.au/eservice/daEnquiryInit.do?doc_typ=155&nodeNum=10209
  date_received: '2019-04-24'
  date_scraped: '2019-05-15'
- council_reference: 221/2019
  address: 48 Nelson Street STEPNEY SA 5069
  description: Change of use from a radio station to a dwelling
  info_url: https://ecouncil.npsp.sa.gov.au/eservice/daEnquiryInit.do?doc_typ=155&nodeNum=10209
  date_received: '2019-04-26'
  date_scraped: '2019-05-15'
- council_reference: 222/2019
  address: 41A Riverside Drive FELIXSTOW SA 5070
  description: Construction of Two (2) Verandah's
  info_url: https://ecouncil.npsp.sa.gov.au/eservice/daEnquiryInit.do?doc_typ=155&nodeNum=10209
  date_received: '2019-04-26'
  date_scraped: '2019-05-15'
- council_reference: 223/2019
  address: 35 First Avenue ST PETERS SA 5069
  description: Construction of a front fence and replacement of verandah slab (35
    & 37 First Ave)
  info_url: https://ecouncil.npsp.sa.gov.au/eservice/daEnquiryInit.do?doc_typ=155&nodeNum=10209
  date_received: '2019-04-29'
  date_scraped: '2019-05-15'
- council_reference: 225/2019
  address: 55 Rundle Street KENT TOWN SA 5067
  description: INTERNAL FIT OUT
  info_url: https://ecouncil.npsp.sa.gov.au/eservice/daEnquiryInit.do?doc_typ=155&nodeNum=10209
  date_received: '2019-04-30'
  date_scraped: '2019-05-15'
- council_reference: 226/2019
  address: 6 Westminster Street ST PETERS SA 5069
  description: Two storey alterations and additions to the rear of an existing dwelling
    and construction of a carport
  info_url: https://ecouncil.npsp.sa.gov.au/eservice/daEnquiryInit.do?doc_typ=155&nodeNum=10209
  date_received: '2019-04-30'
  date_scraped: '2019-05-15'
- council_reference: 227/2019
  address: 15 Fisher Street FELIXSTOW SA 5070
  description: Construction of a two-storey detached dwelling
  info_url: https://ecouncil.npsp.sa.gov.au/eservice/daEnquiryInit.do?doc_typ=155&nodeNum=10209
  date_received: '2019-04-30'
  date_scraped: '2019-05-15'
- council_reference: 228/2019
  address: 20 Coorara Avenue PAYNEHAM SOUTH SA 5070
  description: Alterations & Additions to the existing dwelling forward and to the
    side of the dwelling and a deck
  info_url: https://ecouncil.npsp.sa.gov.au/eservice/daEnquiryInit.do?doc_typ=155&nodeNum=10209
  date_received: '2019-05-01'
  date_scraped: '2019-05-15'
- council_reference: 229/2019
  address: 20 Laura Street STEPNEY SA 5069
  description: Construction of a masonry pillar front fence
  info_url: https://ecouncil.npsp.sa.gov.au/eservice/daEnquiryInit.do?doc_typ=155&nodeNum=10209
  date_received: '2019-05-01'
  date_scraped: '2019-05-15'
- council_reference: 230/2019
  address: 63 Hereford Avenue PAYNEHAM SOUTH SA 5070
  description: Single storey detached dwelling
  info_url: https://ecouncil.npsp.sa.gov.au/eservice/daEnquiryInit.do?doc_typ=155&nodeNum=10209
  date_received: '2019-05-01'
  date_scraped: '2019-05-15'
- council_reference: 231/2019
  address: 8 River Street ST PETERS SA 5069
  description: Single storey detached dwelling
  info_url: https://ecouncil.npsp.sa.gov.au/eservice/daEnquiryInit.do?doc_typ=155&nodeNum=10209
  date_received: '2019-05-01'
  date_scraped: '2019-05-15'
- council_reference: 232/2019
  address: Unit 1 1 Mayfair Street MAYLANDS SA 5069
  description: Single storey detached dwelling (including a cellar)
  info_url: https://ecouncil.npsp.sa.gov.au/eservice/daEnquiryInit.do?doc_typ=155&nodeNum=10209
  date_received: '2019-05-01'
  date_scraped: '2019-05-15'
- council_reference: 233/2019
  address: 11 Thrower Avenue FELIXSTOW SA 5070
  description: Internal Alterations to a Detached Dwelling and the Construction of
    a Bathrooom
  info_url: https://ecouncil.npsp.sa.gov.au/eservice/daEnquiryInit.do?doc_typ=155&nodeNum=10209
  date_received: '2019-05-03'
  date_scraped: '2019-05-15'
- council_reference: 234/2019
  address: 254-256 The Parade NORWOOD SA 5067
  description: Four internally illuminated sign structures for business identification
    purposes
  info_url: https://ecouncil.npsp.sa.gov.au/eservice/daEnquiryInit.do?doc_typ=155&nodeNum=10209
  date_received: '2019-05-03'
  date_scraped: '2019-05-15'
- council_reference: 235/2019
  address: 21 Seventh Avenue ST PETERS SA 5069
  description: Construction of an inground Swimming Pool and Safety Fence
  info_url: https://ecouncil.npsp.sa.gov.au/eservice/daEnquiryInit.do?doc_typ=155&nodeNum=10209
  date_received: '2019-05-03'
  date_scraped: '2019-05-15'
- council_reference: 236/2019
  address: KMart Tyre Auto 171 Glynburn Road FIRLE SA 5070
  description: Replacement of signage display with rebranded signage
  info_url: https://ecouncil.npsp.sa.gov.au/eservice/daEnquiryInit.do?doc_typ=155&nodeNum=10209
  date_received: '2019-05-03'
  date_scraped: '2019-05-15'
- council_reference: 237/2019
  address: 66 William Street NORWOOD SA 5067
  description: Construction of a two-storey detached dwelling (66 William Street)
  info_url: https://ecouncil.npsp.sa.gov.au/eservice/daEnquiryInit.do?doc_typ=155&nodeNum=10209
  date_received: '2019-05-03'
  date_scraped: '2019-05-15'
- council_reference: 238/2019
  address: 64 Gage Street ST MORRIS SA 5068
  description: Transportable building for temporary use by staff at the Child Care
    Centre
  info_url: https://ecouncil.npsp.sa.gov.au/eservice/daEnquiryInit.do?doc_typ=155&nodeNum=10209
  date_received: '2019-05-03'
  date_scraped: '2019-05-15'
- council_reference: 239/2019
  address: 57 Magill Road STEPNEY SA 5069
  description: Change of use from office to takeaway deli/sandwich bar
  info_url: https://ecouncil.npsp.sa.gov.au/eservice/daEnquiryInit.do?doc_typ=155&nodeNum=10209
  date_received: '2019-05-03'
  date_scraped: '2019-05-15'
- council_reference: 240/2019
  address: 24 Flinders Street KENT TOWN SA 5067
  description: Variation to Development Plan Consent 155/240/19, comprising the removal
    of the lower ground level and minor floor plan changes at upper ground level
  info_url: https://ecouncil.npsp.sa.gov.au/eservice/daEnquiryInit.do?doc_typ=155&nodeNum=10209
  date_received: '2019-05-03'
  date_scraped: '2019-05-15'
- council_reference: 241/2019
  address: 38 Chapel Street NORWOOD SA 5067
  description: Variation to Development Plan Consent 155/249/2017 comprising internal
    and external modifications to all dwellings
  info_url: https://ecouncil.npsp.sa.gov.au/eservice/daEnquiryInit.do?doc_typ=155&nodeNum=10209
  date_received: '2019-05-03'
  date_scraped: '2019-05-15'
- council_reference: 243/2019
  address: 68 Canterbury Avenue PAYNEHAM SOUTH SA 5070
  description: Demolition of existing dwelling and ancillary structures
  info_url: https://ecouncil.npsp.sa.gov.au/eservice/daEnquiryInit.do?doc_typ=155&nodeNum=10209
  date_received: '2019-05-06'
  date_scraped: '2019-05-15'
- council_reference: 244/2019
  address: 6 Addison Avenue MARDEN SA 5070
  description: Single storey detached dwelling
  info_url: https://ecouncil.npsp.sa.gov.au/eservice/daEnquiryInit.do?doc_typ=155&nodeNum=10209
  date_received: '2019-05-06'
  date_scraped: '2019-05-15'
- council_reference: 245/2019
  address: 31 Prosser Avenue NORWOOD SA 5067
  description: Single storey alterations and additions and a swimming pool
  info_url: https://ecouncil.npsp.sa.gov.au/eservice/daEnquiryInit.do?doc_typ=155&nodeNum=10209
  date_received: '2019-05-06'
  date_scraped: '2019-05-15'
- council_reference: 246/2019
  address: 66 William Street NORWOOD SA 5067
  description: Demolition
  info_url: https://ecouncil.npsp.sa.gov.au/eservice/daEnquiryInit.do?doc_typ=155&nodeNum=10209
  date_received: '2019-05-06'
  date_scraped: '2019-05-15'
- council_reference: 247/2019
  address: 23 Dequetteville Terrace KENT TOWN SA 5067
  description: Demolition of multiple structures including old boarding houses
  info_url: https://ecouncil.npsp.sa.gov.au/eservice/daEnquiryInit.do?doc_typ=155&nodeNum=10209
  date_received: '2019-05-07'
  date_scraped: '2019-05-15'
- council_reference: 248/2019
  address: 16-20 Hartman Avenue FELIXSTOW SA 5070
  description: Demolition of House and Minor Structures
  info_url: https://ecouncil.npsp.sa.gov.au/eservice/daEnquiryInit.do?doc_typ=155&nodeNum=10209
  date_received: '2019-05-07'
  date_scraped: '2019-05-15'
- council_reference: 249/2019
  address: 36 Thornton Street KENSINGTON SA 5068
  description: Demolition of a Garage
  info_url: https://ecouncil.npsp.sa.gov.au/eservice/daEnquiryInit.do?doc_typ=155&nodeNum=10209
  date_received: '2019-05-07'
  date_scraped: '2019-05-15'
- council_reference: 250/2019
  address: 4 Oaklands Avenue ROYSTON PARK SA 5070
  description: Construction of a verandah to the rear of the existing dwelling
  info_url: https://ecouncil.npsp.sa.gov.au/eservice/daEnquiryInit.do?doc_typ=155&nodeNum=10209
  date_received: '2019-05-08'
  date_scraped: '2019-05-15'
- council_reference: 251/2019
  address: 38 Loader Street GLYNDE SA 5070
  description: Masonry pillar front fence
  info_url: https://ecouncil.npsp.sa.gov.au/eservice/daEnquiryInit.do?doc_typ=155&nodeNum=10209
  date_received: '2019-05-08'
  date_scraped: '2019-05-15'
- council_reference: 252/2019
  address: 21 Flinders Street KENT TOWN SA 5067
  description: Change of use from dwelling to Health Centre associated with Prince
    Alfred College
  info_url: https://ecouncil.npsp.sa.gov.au/eservice/daEnquiryInit.do?doc_typ=155&nodeNum=10209
  date_received: '2019-05-08'
  date_scraped: '2019-05-15'
- council_reference: 253/2019
  address: 60A Aveland Avenue PAYNEHAM SOUTH SA 5070
  description: Single storey detached dwelling
  info_url: https://ecouncil.npsp.sa.gov.au/eservice/daEnquiryInit.do?doc_typ=155&nodeNum=10209
  date_received: '2019-05-08'
  date_scraped: '2019-05-15'
- council_reference: 254/2019
  address: 31 North Terrace HACKNEY SA 5069
  description: Change of use from offices to shop (cellar door/cafe), replacement
    front fence, replacement roller door and advertising signage
  info_url: https://ecouncil.npsp.sa.gov.au/eservice/daEnquiryInit.do?doc_typ=155&nodeNum=10209
  date_received: '2019-05-08'
  date_scraped: '2019-05-15'
- council_reference: 255/2019
  address: 13 Arnold Avenue FIRLE SA 5070
  description: Alterations & Additions
  info_url: https://ecouncil.npsp.sa.gov.au/eservice/daEnquiryInit.do?doc_typ=155&nodeNum=10209
  date_received: '2019-05-09'
  date_scraped: '2019-05-15'
- council_reference: 256/2019
  address: Unit 2 9-21 Lower Portrush Road MARDEN SA 5070
  description: Alterations to the shopping centre facade and reconfiguration of internal
    areas
  info_url: https://ecouncil.npsp.sa.gov.au/eservice/daEnquiryInit.do?doc_typ=155&nodeNum=10209
  date_received: '2019-05-09'
  date_scraped: '2019-05-15'
- council_reference: 257/2019
  address: 7 Harris Street NORWOOD SA 5067
  description: Replacement of a Garage
  info_url: https://ecouncil.npsp.sa.gov.au/eservice/daEnquiryInit.do?doc_typ=155&nodeNum=10209
  date_received: '2019-05-09'
  date_scraped: '2019-05-15'
- council_reference: 258/2019
  address: 25 Thornton Street KENSINGTON SA 5068
  description: Installation of Solar Panels on a LHP
  info_url: https://ecouncil.npsp.sa.gov.au/eservice/daEnquiryInit.do?doc_typ=155&nodeNum=10209
  date_received: '2019-05-09'
  date_scraped: '2019-05-15'
- council_reference: 259/2019
  address: 10 Janet Street EVANDALE SA 5069
  description: Alterations and additions to the rear of an existing dwelling
  info_url: https://ecouncil.npsp.sa.gov.au/eservice/daEnquiryInit.do?doc_typ=155&nodeNum=10209
  date_received: '2019-05-10'
  date_scraped: '2019-05-15'
- council_reference: 260/2019
  address: 41 Broad Street MARDEN SA 5070
  description: Demolition of all structures including dwelling and carport
  info_url: https://ecouncil.npsp.sa.gov.au/eservice/daEnquiryInit.do?doc_typ=155&nodeNum=10209
  date_received: '2019-05-13'
  date_scraped: '2019-05-15'
- council_reference: 261/2019
  address: 49 Second Avenue PAYNEHAM SOUTH SA 5070
  description: Verandah to the rear of the dwelling with decking 2.7m above ground
    level and 1.7m obscure balustrading around the deck
  info_url: https://ecouncil.npsp.sa.gov.au/eservice/daEnquiryInit.do?doc_typ=155&nodeNum=10209
  date_received: '2019-05-13'
  date_scraped: '2019-05-15'
- council_reference: 262/2019
  address: 13 Elizabeth Street EVANDALE SA 5069
  description: Single storey alterations and additions to the existing dwelling and
    the extension of existing carport and relocation and alteration to existing garage
  info_url: https://ecouncil.npsp.sa.gov.au/eservice/daEnquiryInit.do?doc_typ=155&nodeNum=10209
  date_received: '2019-05-13'
  date_scraped: '2019-05-15'
- council_reference: 263/2019
  address: 2 Nyroca Crescent FELIXSTOW SA 5070
  description: Construction of an inground swimming pool and safety fence
  info_url: https://ecouncil.npsp.sa.gov.au/eservice/daEnquiryInit.do?doc_typ=155&nodeNum=10209
  date_received: '2019-05-13'
  date_scraped: '2019-05-15'
- council_reference: 264/2019
  address: Unit 1 2 Augusta Street MAYLANDS SA 5069
  description: Construction of a new boundary fence along southern boundary (3.2m
    in height)
  info_url: https://ecouncil.npsp.sa.gov.au/eservice/daEnquiryInit.do?doc_typ=155&nodeNum=10209
  date_received: '2019-05-13'
  date_scraped: '2019-05-15'
- council_reference: 265/2019
  address: 16 Regent Place KENSINGTON SA 5068
  description: Single storey dwelling with double garage on battleaxe allotment
  info_url: https://ecouncil.npsp.sa.gov.au/eservice/daEnquiryInit.do?doc_typ=155&nodeNum=10209
  date_received: '2019-05-14'
  date_scraped: '2019-05-15'
- council_reference: 266/2019
  address: 9 Marlborough Street COLLEGE PARK SA 5069
  description: Alterations and additions  and a front fence
  info_url: https://ecouncil.npsp.sa.gov.au/eservice/daEnquiryInit.do?doc_typ=155&nodeNum=10209
  date_received: '2019-05-15'
  date_scraped: '2019-05-15'
- council_reference: 267/2019
  address: 106 Fourth Avenue JOSLIN SA 5070
  description: Variation to Development Plan Consent for DA 155/976/2017 (Changes
    to outdoor area, upper level and colours)
  info_url: https://ecouncil.npsp.sa.gov.au/eservice/daEnquiryInit.do?doc_typ=155&nodeNum=10209
  date_received: '2019-05-15'
  date_scraped: '2019-05-15'
- council_reference: 268/2019
  address: 34 Battams Road MARDEN SA 5070
  description: Construction of three (3), two-storey row dwellings with associated
    garaging, alfrescos and retaining
  info_url: https://ecouncil.npsp.sa.gov.au/eservice/daEnquiryInit.do?doc_typ=155&nodeNum=10209
  date_received: '2019-05-15'
  date_scraped: '2019-05-15'
- council_reference: 269/2019
  address: 25A Wilson Avenue FELIXSTOW SA 5070
  description: Construction of a single-storey detached dwelling
  info_url: https://ecouncil.npsp.sa.gov.au/eservice/daEnquiryInit.do?doc_typ=155&nodeNum=10209
  date_received: '2019-05-15'
  date_scraped: '2019-05-15'
- council_reference: 270/2019
  address: 52 Clifton Street MAYLANDS SA 5069
  description: Demolition of existing dwelling and the construction of a single-storey
    detached dwelling and front fence
  info_url: https://ecouncil.npsp.sa.gov.au/eservice/daEnquiryInit.do?doc_typ=155&nodeNum=10209
  date_received: '2019-05-15'
  date_scraped: '2019-05-15'
- council_reference: 271/2019
  address: Shop Unit 19 171 Glynburn Road FIRLE SA 5070
  description: Upgrade of carpark lighting including the installation of four new
    lights and poles
  info_url: https://ecouncil.npsp.sa.gov.au/eservice/daEnquiryInit.do?doc_typ=155&nodeNum=10209
  date_received: '2019-05-15'
  date_scraped: '2019-05-15'
- council_reference: 272/2019
  address: Unit 5 8-10 North Street NORWOOD SA 5067
  description: Construction of a replacement verandah
  info_url: https://ecouncil.npsp.sa.gov.au/eservice/daEnquiryInit.do?doc_typ=155&nodeNum=10209
  date_received: '2019-05-15'
  date_scraped: '2019-05-15'
