---
- council_reference: 107/2019
  address: 10 Cedar Street ORANGE NSW 2800
  description: Dwelling, Attached Garage and Spa
  info_url: https://ecouncil.orange.nsw.gov.au/eservice/daEnquiryInit.do?nodeNum=24
  date_received: '2019-04-16'
  date_scraped: '2019-05-15'
- council_reference: 108/2019
  address: 614 Forest Road ORANGE NSW 2800
  description: Outbuilding (garage/workshop) and Rainwater Tank (110,000L)
  info_url: https://ecouncil.orange.nsw.gov.au/eservice/daEnquiryInit.do?nodeNum=24
  date_received: '2019-04-16'
  date_scraped: '2019-05-15'
- council_reference: 109/2019
  address: 3 Braemar Circuit ORANGE NSW 2800
  description: Garage
  info_url: https://ecouncil.orange.nsw.gov.au/eservice/daEnquiryInit.do?nodeNum=24
  date_received: '2019-04-16'
  date_scraped: '2019-05-15'
- council_reference: 110/2019
  address: 97 Dean Drive ORANGE NSW 2800
  description: Outbuilding (garage/shed)
  info_url: https://ecouncil.orange.nsw.gov.au/eservice/daEnquiryInit.do?nodeNum=24
  date_received: '2019-04-16'
  date_scraped: '2019-05-15'
- council_reference: 111/2019
  address: 6 Astill Drive ORANGE NSW 2800
  description: Research Facility (car park)
  info_url: https://ecouncil.orange.nsw.gov.au/eservice/daEnquiryInit.do?nodeNum=24
  date_received: '2019-04-17'
  date_scraped: '2019-05-15'
- council_reference: 112/2019
  address: 15-41 Lords Place ORANGE NSW 2800
  description: Depot (storage shed and on-site pavement modification)
  info_url: https://ecouncil.orange.nsw.gov.au/eservice/daEnquiryInit.do?nodeNum=24
  date_received: '2019-04-17'
  date_scraped: '2019-05-15'
- council_reference: 113/2019
  address: 16 Cedar Street ORANGE NSW 2800
  description: Dwelling (two storey) and Attached Garage
  info_url: https://ecouncil.orange.nsw.gov.au/eservice/daEnquiryInit.do?nodeNum=24
  date_received: '2019-04-18'
  date_scraped: '2019-05-15'
- council_reference: 114/2019
  address: 114 William Maker Drive ORANGE NSW 2800
  description: Dwelling and Attached Garage
  info_url: https://ecouncil.orange.nsw.gov.au/eservice/daEnquiryInit.do?nodeNum=24
  date_received: '2019-04-24'
  date_scraped: '2019-05-15'
- council_reference: 115/2019
  address: 4 Charlotte Street ORANGE NSW 2800
  description: Garage
  info_url: https://ecouncil.orange.nsw.gov.au/eservice/daEnquiryInit.do?nodeNum=24
  date_received: '2019-04-24'
  date_scraped: '2019-05-15'
- council_reference: 116/2019
  address: 16 Crinoline Street ORANGE NSW 2800
  description: Dwelling Alterations and Additions (carport)
  info_url: https://ecouncil.orange.nsw.gov.au/eservice/daEnquiryInit.do?nodeNum=24
  date_received: '2019-04-26'
  date_scraped: '2019-05-15'
- council_reference: 117/2019
  address: 5 Winter Street ORANGE NSW 2800
  description: Dwelling Alterations and Additions (carport)
  info_url: https://ecouncil.orange.nsw.gov.au/eservice/daEnquiryInit.do?nodeNum=24
  date_received: '2019-04-26'
  date_scraped: '2019-05-15'
- council_reference: 118/2019
  address: 346 Leeds Parade ORANGE NSW 2800
  description: Educational Establishment (new building, alterations and additions
    to existing building and solar energy system (photovoltaic electricity generating
    system)
  info_url: https://ecouncil.orange.nsw.gov.au/eservice/daEnquiryInit.do?nodeNum=24
  date_received: '2019-04-29'
  date_scraped: '2019-05-15'
- council_reference: 119/2019
  address: 27 Kamdell Place ORANGE NSW 2800
  description: Dwelling Alterations (enclose front verandah)
  info_url: https://ecouncil.orange.nsw.gov.au/eservice/daEnquiryInit.do?nodeNum=24
  date_received: '2019-04-29'
  date_scraped: '2019-05-15'
- council_reference: 120/2019
  address: 10 Brookfield Way ORANGE NSW 2800
  description: Dwelling Alterations and Additions (patio cover)
  info_url: https://ecouncil.orange.nsw.gov.au/eservice/daEnquiryInit.do?nodeNum=24
  date_received: '2019-04-30'
  date_scraped: '2019-05-15'
- council_reference: 121/2019
  address: 2 Spring Street SPRING HILL NSW 2800
  description: Dwelling Alterations and Additions (carport)
  info_url: https://ecouncil.orange.nsw.gov.au/eservice/daEnquiryInit.do?nodeNum=24
  date_received: '2019-05-01'
  date_scraped: '2019-05-15'
- council_reference: 122/2019
  address: 6 Linden Avenue ORANGE NSW 2800
  description: Pool Deck and Fencing
  info_url: https://ecouncil.orange.nsw.gov.au/eservice/daEnquiryInit.do?nodeNum=24
  date_received: '2019-05-01'
  date_scraped: '2019-05-15'
- council_reference: 123/2019
  address: 85 Buckland Drive ORANGE NSW 2800
  description: Retaining Walls
  info_url: https://ecouncil.orange.nsw.gov.au/eservice/daEnquiryInit.do?nodeNum=24
  date_received: '2019-05-02'
  date_scraped: '2019-05-15'
- council_reference: 124/2019
  address: 81 Peisley Street ORANGE NSW 2800
  description: Health Consulting Rooms and Associated Signage (change of use)
  info_url: https://ecouncil.orange.nsw.gov.au/eservice/daEnquiryInit.do?nodeNum=24
  date_received: '2019-05-02'
  date_scraped: '2019-05-15'
- council_reference: 125/2019
  address: 105 Buckland Drive ORANGE NSW 2800
  description: Dwelling and Attached Garage
  info_url: https://ecouncil.orange.nsw.gov.au/eservice/daEnquiryInit.do?nodeNum=24
  date_received: '2019-05-03'
  date_scraped: '2019-05-15'
- council_reference: 126/2019
  address: 10 Martin Place ORANGE NSW 2800
  description: Garage Additions (carport)
  info_url: https://ecouncil.orange.nsw.gov.au/eservice/daEnquiryInit.do?nodeNum=24
  date_received: '2019-05-03'
  date_scraped: '2019-05-15'
- council_reference: 127/2019
  address: 207 Anson Street ORANGE NSW 2800
  description: Shop (new shopfront) (Michael Hill)
  info_url: https://ecouncil.orange.nsw.gov.au/eservice/daEnquiryInit.do?nodeNum=24
  date_received: '2019-05-03'
  date_scraped: '2019-05-15'
- council_reference: 128/2019
  address: 6 Connemara Drive ORANGE NSW 2800
  description: Subdivision (two lot residential)
  info_url: https://ecouncil.orange.nsw.gov.au/eservice/daEnquiryInit.do?nodeNum=24
  date_received: '2019-05-06'
  date_scraped: '2019-05-15'
- council_reference: 129/2019
  address: 130 Gardiner Road ORANGE NSW 2800
  description: Dwelling Alterations and Additions
  info_url: https://ecouncil.orange.nsw.gov.au/eservice/daEnquiryInit.do?nodeNum=24
  date_received: '2019-05-06'
  date_scraped: '2019-05-15'
- council_reference: 130/2019
  address: 90 Bathurst Road ORANGE NSW 2800
  description: Signage (digital screen)
  info_url: https://ecouncil.orange.nsw.gov.au/eservice/daEnquiryInit.do?nodeNum=24
  date_received: '2019-05-07'
  date_scraped: '2019-05-15'
- council_reference: 131/2019
  address: 83 Glasson Drive ORANGE NSW 2800
  description: Garage
  info_url: https://ecouncil.orange.nsw.gov.au/eservice/daEnquiryInit.do?nodeNum=24
  date_received: '2019-05-07'
  date_scraped: '2019-05-15'
- council_reference: 132/2019
  address: 892 Pinnacle Road CANOBOLAS NSW 2800
  description: Outbuilding (farm shed)
  info_url: https://ecouncil.orange.nsw.gov.au/eservice/daEnquiryInit.do?nodeNum=24
  date_received: '2019-05-07'
  date_scraped: '2019-05-15'
- council_reference: 133/2019
  address: 7 Stevenson Way ORANGE NSW 2800
  description: Dwelling Alterations and Additions (deck and patio cover), Garage (detached)
    and Retaining Wall
  info_url: https://ecouncil.orange.nsw.gov.au/eservice/daEnquiryInit.do?nodeNum=24
  date_received: '2019-05-09'
  date_scraped: '2019-05-15'
- council_reference: 134/2019
  address: 48 Stevenson Way ORANGE NSW 2800
  description: Dwelling, Attached Garage, Attached Carport and Retaining Wall
  info_url: https://ecouncil.orange.nsw.gov.au/eservice/daEnquiryInit.do?nodeNum=24
  date_received: '2019-05-09'
  date_scraped: '2019-05-15'
- council_reference: 135/2019
  address: 30 Cecil Road ORANGE NSW 2800
  description: Demolition (existing shed), Garage and Attached Carport
  info_url: https://ecouncil.orange.nsw.gov.au/eservice/daEnquiryInit.do?nodeNum=24
  date_received: '2019-05-09'
  date_scraped: '2019-05-15'
- council_reference: 136/2019
  address: 11 Scarborough Street ORANGE NSW 2800
  description: Garage
  info_url: https://ecouncil.orange.nsw.gov.au/eservice/daEnquiryInit.do?nodeNum=24
  date_received: '2019-05-09'
  date_scraped: '2019-05-15'
- council_reference: 137/2019
  address: 86 Turner Crescent ORANGE NSW 2800
  description: Garage
  info_url: https://ecouncil.orange.nsw.gov.au/eservice/daEnquiryInit.do?nodeNum=24
  date_received: '2019-05-10'
  date_scraped: '2019-05-15'
- council_reference: 138/2019
  address: 212-220 Summer Street ORANGE NSW 2800
  description: Shop and Business Identification Signage (first use and fit-out)
  info_url: https://ecouncil.orange.nsw.gov.au/eservice/daEnquiryInit.do?nodeNum=24
  date_received: '2019-05-13'
  date_scraped: '2019-05-15'
- council_reference: 139/2019
  address: 260 Clergate Road ORANGE NSW 2800
  description: Extractive Industry (Pad 1)
  info_url: https://ecouncil.orange.nsw.gov.au/eservice/daEnquiryInit.do?nodeNum=24
  date_received: '2019-05-13'
  date_scraped: '2019-05-15'
- council_reference: 140/2019
  address: 6 Handford Place ORANGE NSW 2800
  description: Dual Occupancy (detached) and Subdivision (two lot Torrens title)
  info_url: https://ecouncil.orange.nsw.gov.au/eservice/daEnquiryInit.do?nodeNum=24
  date_received: '2019-05-14'
  date_scraped: '2019-05-15'
- council_reference: 141/2019
  address: Lantana Place ORANGE NSW 2800
  description: Multi Dwelling Housing (10 dwellings)
  info_url: https://ecouncil.orange.nsw.gov.au/eservice/daEnquiryInit.do?nodeNum=24
  date_received: '2019-05-14'
  date_scraped: '2019-05-15'
- council_reference: 142/2019
  address: 84 Glenroi Avenue ORANGE NSW 2800
  description: Pub (alterations and additions - beer garden pergola)
  info_url: https://ecouncil.orange.nsw.gov.au/eservice/daEnquiryInit.do?nodeNum=24
  date_received: '2019-05-15'
  date_scraped: '2019-05-15'
- council_reference: 217/2018
  address: 4 Yaraan Place ORANGE NSW 2800
  description: Dwelling (two storey), Attached Garage, Retaining Walls and Tree Removal
    (5)
  info_url: https://ecouncil.orange.nsw.gov.au/eservice/daEnquiryInit.do?nodeNum=24
  date_received: '2019-04-23'
  date_scraped: '2019-05-15'
- council_reference: 35/2019
  address: 388 Forest Road ORANGE NSW 2800
  description: Garage
  info_url: https://ecouncil.orange.nsw.gov.au/eservice/daEnquiryInit.do?nodeNum=24
  date_received: '2019-04-15'
  date_scraped: '2019-05-15'
- council_reference: 382/2018
  address: 8 Ophir Street ORANGE NSW 2800
  description: Dwelling Alterations and Additions and Detached Carport
  info_url: https://ecouncil.orange.nsw.gov.au/eservice/daEnquiryInit.do?nodeNum=24
  date_received: '2019-05-14'
  date_scraped: '2019-05-15'
- council_reference: 42/2018
  address: 167-177 Peisley Street ORANGE NSW 2800
  description: Shop (alterations and additions to existing building)
  info_url: https://ecouncil.orange.nsw.gov.au/eservice/daEnquiryInit.do?nodeNum=24
  date_received: '2019-05-15'
  date_scraped: '2019-05-15'
- council_reference: 431/2012
  address: Scarborough Street ORANGE NSW 2800
  description: Subdivision (93 lot residential)
  info_url: https://ecouncil.orange.nsw.gov.au/eservice/daEnquiryInit.do?nodeNum=24
  date_received: '2019-04-29'
  date_scraped: '2019-05-15'
- council_reference: 431/2016
  address: 76 Prince Street ORANGE NSW 2800
  description: Neighbourhood Shop (alterations and additions), Medical Centre, Demolition
    (existing dwelling) and Business Identification Signage
  info_url: https://ecouncil.orange.nsw.gov.au/eservice/daEnquiryInit.do?nodeNum=24
  date_received: '2019-04-24'
  date_scraped: '2019-05-15'
- council_reference: 581/2002
  address: 512. Pinnacle Road ORANGE NSW 2800
  description: Subdivision (two lot rural residential) (concessional lot))
  info_url: https://ecouncil.orange.nsw.gov.au/eservice/daEnquiryInit.do?nodeNum=24
  date_received: '2019-05-01'
  date_scraped: '2019-05-15'
