---
- council_reference: 121/2019
  address: 11A Fifth Avenue KENSINGTON WA 6151
  description: Two Storey Single House
  info_url: https://awpe.southperth.wa.gov.au/eservice/daEnquiryInit.do?doc_typ=11&nodeNum=7323
  date_received: '2019-04-15'
  date_scraped: '2019-05-15'
- council_reference: 123/2019
  address: Unit 2 106 Monash Avenue COMO WA 6152
  description: Retaining Wall addition to Grouped Dwelling
  info_url: https://awpe.southperth.wa.gov.au/eservice/daEnquiryInit.do?doc_typ=11&nodeNum=7323
  date_received: '2019-04-16'
  date_scraped: '2019-05-15'
- council_reference: 124/2019
  address: 106 Ryrie Avenue COMO WA 6152
  description: Retaining Wall & Fence additions to Single House
  info_url: https://awpe.southperth.wa.gov.au/eservice/daEnquiryInit.do?doc_typ=11&nodeNum=7323
  date_received: '2019-04-16'
  date_scraped: '2019-05-15'
- council_reference: 125/2019
  address: 28-30 Forrest Street SOUTH PERTH WA 6151
  description: Change of Use (Religious Activity to Education Establ. (Kindergarten)
  info_url: https://awpe.southperth.wa.gov.au/eservice/daEnquiryInit.do?doc_typ=11&nodeNum=7323
  date_received: '2019-04-17'
  date_scraped: '2019-05-15'
- council_reference: 126/2019
  address: 15 Pepler Avenue SALTER POINT WA 6152
  description: Additions and Alterations to Grouped Dwelling
  info_url: https://awpe.southperth.wa.gov.au/eservice/daEnquiryInit.do?doc_typ=11&nodeNum=7323
  date_received: '2019-04-18'
  date_scraped: '2019-05-15'
- council_reference: 127/2019
  address: 27 Todd Avenue COMO WA 6152
  description: Two Storey Single House
  info_url: https://awpe.southperth.wa.gov.au/eservice/daEnquiryInit.do?doc_typ=11&nodeNum=7323
  date_received: '2019-04-18'
  date_scraped: '2019-05-15'
- council_reference: 128/2019
  address: 82 Banksia Terrace KENSINGTON WA 6151
  description: Single House (Single-Storey)
  info_url: https://awpe.southperth.wa.gov.au/eservice/daEnquiryInit.do?doc_typ=11&nodeNum=7323
  date_received: '2019-04-23'
  date_scraped: '2019-05-15'
- council_reference: 129/2019
  address: 86 Clydesdale Street COMO WA 6152
  description: 12 x Grouped Dwellings
  info_url: https://awpe.southperth.wa.gov.au/eservice/daEnquiryInit.do?doc_typ=11&nodeNum=7323
  date_received: '2019-04-23'
  date_scraped: '2019-05-15'
- council_reference: 130/2019
  address: 16 Preston Street COMO WA 6152
  description: Temporary support columns to awning at Cygent Theatre
  info_url: https://awpe.southperth.wa.gov.au/eservice/daEnquiryInit.do?doc_typ=11&nodeNum=7323
  date_received: '2019-04-26'
  date_scraped: '2019-05-15'
- council_reference: 131/2019
  address: 47 Crawshaw Crescent MANNING WA 6152
  description: Additions & alterations to Single House
  info_url: https://awpe.southperth.wa.gov.au/eservice/daEnquiryInit.do?doc_typ=11&nodeNum=7323
  date_received: '2019-04-26'
  date_scraped: '2019-05-15'
- council_reference: 132/2017
  address: 24 Wooltana Street COMO WA 6152
  description: Admt to Apprvd 6 Multpl Dw in a 4 Storey Bldng + Extension of Validity
  info_url: https://awpe.southperth.wa.gov.au/eservice/daEnquiryInit.do?doc_typ=11&nodeNum=7323
  date_received: '2019-05-14'
  date_scraped: '2019-05-15'
- council_reference: 132/2019
  address: 50 Redmond Street SALTER POINT WA 6152
  description: Patio addition to Single House
  info_url: https://awpe.southperth.wa.gov.au/eservice/daEnquiryInit.do?doc_typ=11&nodeNum=7323
  date_received: '2019-04-29'
  date_scraped: '2019-05-15'
- council_reference: 133/2019
  address: 35 Monash Avenue COMO WA 6152
  description: Patio additions to Single House
  info_url: https://awpe.southperth.wa.gov.au/eservice/daEnquiryInit.do?doc_typ=11&nodeNum=7323
  date_received: '2019-04-26'
  date_scraped: '2019-05-15'
- council_reference: 134/2019
  address: 39 Henning Crescent MANNING WA 6152
  description: Shed addition to Single House
  info_url: https://awpe.southperth.wa.gov.au/eservice/daEnquiryInit.do?doc_typ=11&nodeNum=7323
  date_received: '2019-04-29'
  date_scraped: '2019-05-15'
- council_reference: 135/2019
  address: 15A Baldwin Street COMO WA 6152
  description: Patio additions to Single House
  info_url: https://awpe.southperth.wa.gov.au/eservice/daEnquiryInit.do?doc_typ=11&nodeNum=7323
  date_received: '2019-04-26'
  date_scraped: '2019-05-15'
- council_reference: 136/2019
  address: 16 Edgecumbe Street COMO WA 6152
  description: Patio additions to Grouped Dwelling
  info_url: https://awpe.southperth.wa.gov.au/eservice/daEnquiryInit.do?doc_typ=11&nodeNum=7323
  date_received: '2019-04-26'
  date_scraped: '2019-05-15'
- council_reference: 137/2019
  address: 3 Kilbride Close WATERFORD WA 6152
  description: Carport additions to Single House
  info_url: https://awpe.southperth.wa.gov.au/eservice/daEnquiryInit.do?doc_typ=11&nodeNum=7323
  date_received: '2019-04-29'
  date_scraped: '2019-05-15'
- council_reference: 138/2019
  address: 102 Banksia Terrace KENSINGTON WA 6151
  description: Additions and alterations to Single House
  info_url: https://awpe.southperth.wa.gov.au/eservice/daEnquiryInit.do?doc_typ=11&nodeNum=7323
  date_received: '2019-05-06'
  date_scraped: '2019-05-15'
- council_reference: 139/2019
  address: 47 Lockhart Street COMO WA 6152
  description: Two Storey Single House
  info_url: https://awpe.southperth.wa.gov.au/eservice/daEnquiryInit.do?doc_typ=11&nodeNum=7323
  date_received: '2019-05-06'
  date_scraped: '2019-05-15'
- council_reference: 140/2019
  address: 28 Douglas Avenue SOUTH PERTH WA 6151
  description: Single House (Two-Storey) Single House (Multi-Storey)
  info_url: https://awpe.southperth.wa.gov.au/eservice/daEnquiryInit.do?doc_typ=11&nodeNum=7323
  date_received: '2019-05-09'
  date_scraped: '2019-05-15'
- council_reference: 141/2019
  address: 460 Canning Highway COMO WA 6152
  description: Expansion & Change of use from Shop to Consulting Rooms (Physiotherapy
    Change of Use
  info_url: https://awpe.southperth.wa.gov.au/eservice/daEnquiryInit.do?doc_typ=11&nodeNum=7323
  date_received: '2019-05-13'
  date_scraped: '2019-05-15'
- council_reference: 142/2019
  address: Unit 1 33 Angelo Street SOUTH PERTH WA 6151
  description: Additions & alterations to Grouped Dwelling Additions to Grouped Dwelling
  info_url: https://awpe.southperth.wa.gov.au/eservice/daEnquiryInit.do?doc_typ=11&nodeNum=7323
  date_received: '2019-05-13'
  date_scraped: '2019-05-15'
- council_reference: 143/2019
  address: 34 Waverley Street SOUTH PERTH WA 6151
  description: Alfresco addition to Single House Additions to Single House
  info_url: https://awpe.southperth.wa.gov.au/eservice/daEnquiryInit.do?doc_typ=11&nodeNum=7323
  date_received: '2019-05-13'
  date_scraped: '2019-05-15'
- council_reference: 144/2019
  address: 148 Lansdowne Road KENSINGTON WA 6151
  description: Patio addition to Single House Additions to Single House
  info_url: https://awpe.southperth.wa.gov.au/eservice/daEnquiryInit.do?doc_typ=11&nodeNum=7323
  date_received: '2019-05-15'
  date_scraped: '2019-05-15'
- council_reference: 145/2019
  address: Mends Street Arcade 21 Mends Street SOUTH PERTH WA 6151
  description: Retrospective support posts to awning over footpath associated with
    ex
  info_url: https://awpe.southperth.wa.gov.au/eservice/daEnquiryInit.do?doc_typ=11&nodeNum=7323
  date_received: '2019-05-14'
  date_scraped: '2019-05-15'
- council_reference: 146/2019
  address: 9 Pitt Street KENSINGTON WA 6151
  description: Patio addition to Single House
  info_url: https://awpe.southperth.wa.gov.au/eservice/daEnquiryInit.do?doc_typ=11&nodeNum=7323
  date_received: '2019-05-14'
  date_scraped: '2019-05-15'
- council_reference: 147/2019
  address: 30 York Street SOUTH PERTH WA 6151
  description: Advertisement (Signage) additions to Private Institution
  info_url: https://awpe.southperth.wa.gov.au/eservice/daEnquiryInit.do?doc_typ=11&nodeNum=7323
  date_received: '2019-05-14'
  date_scraped: '2019-05-15'
- council_reference: 148/2019
  address: 107 Dyson Street KENSINGTON WA 6151
  description: Single House (Two-Storey) Single House (Multi-Storey)
  info_url: https://awpe.southperth.wa.gov.au/eservice/daEnquiryInit.do?doc_typ=11&nodeNum=7323
  date_received: '2019-05-14'
  date_scraped: '2019-05-15'
- council_reference: 298/2017
  address: 82 River Way SALTER POINT WA 6152
  description: Amendment to Approved Two Storey Single House
  info_url: https://awpe.southperth.wa.gov.au/eservice/daEnquiryInit.do?doc_typ=11&nodeNum=7323
  date_received: '2019-04-29'
  date_scraped: '2019-05-15'
- council_reference: 367/2017
  address: 264 Canning Highway COMO WA 6152
  description: Commercial Dvlpmnt within a Single Storey+Basement Building (Reconside
    Commercial Development within a Single Storey plus Basement Building (Reconsideration)
  info_url: https://awpe.southperth.wa.gov.au/eservice/daEnquiryInit.do?doc_typ=11&nodeNum=7323
  date_received: '2019-05-02'
  date_scraped: '2019-05-15'
- council_reference: 448/2017
  address: 18 Coode Street SOUTH PERTH WA 6151
  description: Amendment to Approved Three Storey Grouped Dwellings
  info_url: https://awpe.southperth.wa.gov.au/eservice/daEnquiryInit.do?doc_typ=11&nodeNum=7323
  date_received: '2019-04-15'
  date_scraped: '2019-05-15'
- council_reference: 83/2018
  address: 78 Ryrie Avenue COMO WA 6152
  description: Amendment to Approved additions and alterations to Single House
  info_url: https://awpe.southperth.wa.gov.au/eservice/daEnquiryInit.do?doc_typ=11&nodeNum=7323
  date_received: '2019-04-29'
  date_scraped: '2019-05-15'
