---
- council_reference: 711082/2008
  address: 475 Cooper Street EPPING VIC 3076
  description: Industry and Amendment Amendment
  info_url: https://eservice.whittlesea.vic.gov.au/eservice/daEnquiryInit.do?doc_typ=5&nodeNum=25322
  date_received: '2019-05-03'
  date_scraped: '2019-05-15'
- council_reference: 711351/2008
  address: 331 Settlement Road THOMASTOWN VIC 3074
  description: Extension of time Extension of time
  info_url: https://eservice.whittlesea.vic.gov.au/eservice/daEnquiryInit.do?doc_typ=5&nodeNum=25322
  date_received: '2019-05-10'
  date_scraped: '2019-05-15'
- council_reference: 712983/2011
  address: 55 Woods Road DOREEN VIC 3754
  description: Extension of time Extension of time
  info_url: https://eservice.whittlesea.vic.gov.au/eservice/daEnquiryInit.do?doc_typ=5&nodeNum=25322
  date_received: '2019-05-14'
  date_scraped: '2019-05-15'
- council_reference: 713302/2011
  address: 21 Plenty Road BUNDOORA VIC 3083
  description: Secondary consent Secondary consent
  info_url: https://eservice.whittlesea.vic.gov.au/eservice/daEnquiryInit.do?doc_typ=5&nodeNum=25322
  date_received: '2019-04-23'
  date_scraped: '2019-05-15'
- council_reference: 713577/2012
  address: 250 Epping Road WOLLERT VIC 3750
  description: Amendment Amend Planning Permit No. 713577-01 to Allow for the Use
    and Development of Two Shops and a Medical Centre
  info_url: https://eservice.whittlesea.vic.gov.au/eservice/daEnquiryInit.do?doc_typ=5&nodeNum=25322
  date_received: '2019-04-16'
  date_scraped: '2019-05-15'
- council_reference: 713959/2012
  address: 34 Spring Street THOMASTOWN VIC 3074
  description: Multi Unit (5 or more dwellings) and Sec Consent, Ext of Time, Lots<30
    Multi Unit (5 or more dwellings) Sec Consent, Ext of Time, Lots<300m2
  info_url: https://eservice.whittlesea.vic.gov.au/eservice/daEnquiryInit.do?doc_typ=5&nodeNum=25322
  date_received: '2019-05-06'
  date_scraped: '2019-05-15'
- council_reference: 714540/2013
  address: 110 Galloway Drive MERNDA VIC 3754
  description: Amendment Section 72 Amendment - Deletion of Conditions and Amendments
    to the Endorsed Plans
  info_url: https://eservice.whittlesea.vic.gov.au/eservice/daEnquiryInit.do?doc_typ=5&nodeNum=25322
  date_received: '2019-05-07'
  date_scraped: '2019-05-15'
- council_reference: 714623/2014
  address: 29 Beech Street WHITTLESEA VIC 3757
  description: Extension of time Extension of time
  info_url: https://eservice.whittlesea.vic.gov.au/eservice/daEnquiryInit.do?doc_typ=5&nodeNum=25322
  date_received: '2019-04-26'
  date_scraped: '2019-05-15'
- council_reference: 715082/2014
  address: 77 Church Street WHITTLESEA VIC 3757
  description: Sec Consent, Ext of Time, Lots<300m2 Extension of Time
  info_url: https://eservice.whittlesea.vic.gov.au/eservice/daEnquiryInit.do?doc_typ=5&nodeNum=25322
  date_received: '2019-05-09'
  date_scraped: '2019-05-15'
- council_reference: 715327/2015
  address: 33 Janefield Drive BUNDOORA VIC 3083
  description: Sec Consent, Ext of Time, Lots<300m2 Extension of time
  info_url: https://eservice.whittlesea.vic.gov.au/eservice/daEnquiryInit.do?doc_typ=5&nodeNum=25322
  date_received: '2019-05-07'
  date_scraped: '2019-05-15'
- council_reference: 715478/2015
  address: 53 Mosaic Drive LALOR VIC 3075
  description: Subdivision - Multi lot and Amendment Subdivision - Multi lot and Amendment
  info_url: https://eservice.whittlesea.vic.gov.au/eservice/daEnquiryInit.do?doc_typ=5&nodeNum=25322
  date_received: '2019-05-01'
  date_scraped: '2019-05-15'
- council_reference: 715748/2016
  address: 23 Nickson Street BUNDOORA VIC 3083
  description: Sec Consent, Ext of Time, Lots<300m2 Extension of Time
  info_url: https://eservice.whittlesea.vic.gov.au/eservice/daEnquiryInit.do?doc_typ=5&nodeNum=25322
  date_received: '2019-05-09'
  date_scraped: '2019-05-15'
- council_reference: 715944/2016
  address: 187-205 Settlement Road THOMASTOWN VIC 3074
  description: Sec Consent, Ext of Time, Lots<300m2 Secondary Consent
  info_url: https://eservice.whittlesea.vic.gov.au/eservice/daEnquiryInit.do?doc_typ=5&nodeNum=25322
  date_received: '2019-05-06'
  date_scraped: '2019-05-15'
- council_reference: 716003/2016
  address: 52 Mount View Road THOMASTOWN VIC 3074
  description: Four Dwellings and Sec Consent, Ext of Time, Lots<300m2 Four Dwellings
    Sec Consent, Ext of Time, Lots<300m2
  info_url: https://eservice.whittlesea.vic.gov.au/eservice/daEnquiryInit.do?doc_typ=5&nodeNum=25322
  date_received: '2019-04-15'
  date_scraped: '2019-05-15'
- council_reference: 716240/2016
  address: 32 Howell Street LALOR VIC 3075
  description: Extension of Time Extension of Time
  info_url: https://eservice.whittlesea.vic.gov.au/eservice/daEnquiryInit.do?doc_typ=5&nodeNum=25322
  date_received: '2019-04-17'
  date_scraped: '2019-05-15'
- council_reference: 716324/2016
  address: 110 Sackville Street MERNDA VIC 3754
  description: Extension of time Extension of time
  info_url: https://eservice.whittlesea.vic.gov.au/eservice/daEnquiryInit.do?doc_typ=5&nodeNum=25322
  date_received: '2019-05-10'
  date_scraped: '2019-05-15'
- council_reference: 716377/2017
  address: 11 Kevin Street BUNDOORA VIC 3083
  description: Extension of time Extension of time
  info_url: https://eservice.whittlesea.vic.gov.au/eservice/daEnquiryInit.do?doc_typ=5&nodeNum=25322
  date_received: '2019-04-29'
  date_scraped: '2019-05-15'
- council_reference: 716402/2017
  address: 14 Marjory Street THOMASTOWN VIC 3074
  description: Extension of time Extension of time
  info_url: https://eservice.whittlesea.vic.gov.au/eservice/daEnquiryInit.do?doc_typ=5&nodeNum=25322
  date_received: '2019-04-29'
  date_scraped: '2019-05-15'
- council_reference: 716521/2017
  address: 10 Julie Street BUNDOORA VIC 3083
  description: Sec Consent, Ext of Time, Lots<300m2
  info_url: https://eservice.whittlesea.vic.gov.au/eservice/daEnquiryInit.do?doc_typ=5&nodeNum=25322
  date_received: '2019-04-18'
  date_scraped: '2019-05-15'
- council_reference: 716603/2017
  address: 290 Craigieburn Road WOLLERT VIC 3750
  description: Sec Consent, Ext of Time, Lots<300m2 Secondary Consent
  info_url: https://eservice.whittlesea.vic.gov.au/eservice/daEnquiryInit.do?doc_typ=5&nodeNum=25322
  date_received: '2019-04-29'
  date_scraped: '2019-05-15'
- council_reference: 716607/2017
  address: 571-583 High Street EPPING VIC 3076
  description: Secondary consent Secondary consent
  info_url: https://eservice.whittlesea.vic.gov.au/eservice/daEnquiryInit.do?doc_typ=5&nodeNum=25322
  date_received: '2019-04-16'
  date_scraped: '2019-05-15'
- council_reference: 716611/2017
  address: 222 Plenty Road BUNDOORA VIC 3083
  description: Extension of time Extension of time
  info_url: https://eservice.whittlesea.vic.gov.au/eservice/daEnquiryInit.do?doc_typ=5&nodeNum=25322
  date_received: '2019-04-24'
  date_scraped: '2019-05-15'
- council_reference: 716618/2017
  address: 2365 Plenty Road WHITTLESEA VIC 3757
  description: Amendment Amendment
  info_url: https://eservice.whittlesea.vic.gov.au/eservice/daEnquiryInit.do?doc_typ=5&nodeNum=25322
  date_received: '2019-05-03'
  date_scraped: '2019-05-15'
- council_reference: 716650/2017
  address: 251 Settlement Road THOMASTOWN VIC 3074
  description: Amendment Amendment
  info_url: https://eservice.whittlesea.vic.gov.au/eservice/daEnquiryInit.do?doc_typ=5&nodeNum=25322
  date_received: '2019-04-15'
  date_scraped: '2019-05-15'
- council_reference: 716855/2017
  address: 25 Westall Street THOMASTOWN VIC 3074
  description: Secondary consent Secondary consent
  info_url: https://eservice.whittlesea.vic.gov.au/eservice/daEnquiryInit.do?doc_typ=5&nodeNum=25322
  date_received: '2019-05-07'
  date_scraped: '2019-05-15'
- council_reference: 717219/2017
  address: 55 Springs Road DONNYBROOK VIC 3064
  description: Secondary consent Secondary consent
  info_url: https://eservice.whittlesea.vic.gov.au/eservice/daEnquiryInit.do?doc_typ=5&nodeNum=25322
  date_received: '2019-05-10'
  date_scraped: '2019-05-15'
- council_reference: 717349/2018
  address: 1145 Donnybrook Road DONNYBROOK VIC 3064
  description: Secondary consent Secondary consent
  info_url: https://eservice.whittlesea.vic.gov.au/eservice/daEnquiryInit.do?doc_typ=5&nodeNum=25322
  date_received: '2019-05-09'
  date_scraped: '2019-05-15'
- council_reference: 717384/2018
  address: 6 Stewart Street THOMASTOWN VIC 3074
  description: Sec Consent, Ext of Time, Lots<300m2 Secondary Consent
  info_url: https://eservice.whittlesea.vic.gov.au/eservice/daEnquiryInit.do?doc_typ=5&nodeNum=25322
  date_received: '2019-05-13'
  date_scraped: '2019-05-15'
- council_reference: 717436/2018
  address: 543 Cooper Street EPPING VIC 3076
  description: Amendment Amendment
  info_url: https://eservice.whittlesea.vic.gov.au/eservice/daEnquiryInit.do?doc_typ=5&nodeNum=25322
  date_received: '2019-05-03'
  date_scraped: '2019-05-15'
- council_reference: 717649/2018
  address: 18 Arte Walk WOLLERT VIC 3750
  description: Secondary consent Secondary consent
  info_url: https://eservice.whittlesea.vic.gov.au/eservice/daEnquiryInit.do?doc_typ=5&nodeNum=25322
  date_received: '2019-05-06'
  date_scraped: '2019-05-15'
- council_reference: 717855/2018
  address: 313 High Street THOMASTOWN VIC 3074
  description: Secondary consent Secondary consent
  info_url: https://eservice.whittlesea.vic.gov.au/eservice/daEnquiryInit.do?doc_typ=5&nodeNum=25322
  date_received: '2019-04-16'
  date_scraped: '2019-05-15'
- council_reference: 718206/2018
  address: 436 Harvest Home Road EPPING VIC 3076
  description: Secondary consent Secondary consent
  info_url: https://eservice.whittlesea.vic.gov.au/eservice/daEnquiryInit.do?doc_typ=5&nodeNum=25322
  date_received: '2019-05-08'
  date_scraped: '2019-05-15'
- council_reference: 718207/2018
  address: 438 Harvest Home Road EPPING VIC 3076
  description: Secondary consent Secondary consent
  info_url: https://eservice.whittlesea.vic.gov.au/eservice/daEnquiryInit.do?doc_typ=5&nodeNum=25322
  date_received: '2019-05-08'
  date_scraped: '2019-05-15'
- council_reference: 718208/2018
  address: 440 Harvest Home Road EPPING VIC 3076
  description: Sec Consent, Ext of Time, Lots<300m2 Secondary Consent
  info_url: https://eservice.whittlesea.vic.gov.au/eservice/daEnquiryInit.do?doc_typ=5&nodeNum=25322
  date_received: '2019-05-09'
  date_scraped: '2019-05-15'
- council_reference: 718209/2018
  address: 442 Harvest Home Road EPPING VIC 3076
  description: Sec Consent, Ext of Time, Lots<300m2 Secondary Consent
  info_url: https://eservice.whittlesea.vic.gov.au/eservice/daEnquiryInit.do?doc_typ=5&nodeNum=25322
  date_received: '2019-05-15'
  date_scraped: '2019-05-15'
- council_reference: 718466/2019
  address: Unit 2 72 Northgate Drive THOMASTOWN VIC 3074
  description: Change of use (including car parking) Use of the premises for the purposes
    of a material recycling facility
  info_url: https://eservice.whittlesea.vic.gov.au/eservice/daEnquiryInit.do?doc_typ=5&nodeNum=25322
  date_received: '2019-04-15'
  date_scraped: '2019-05-15'
- council_reference: 718473/2019
  address: 22 Lauder Drive BUNDOORA VIC 3083
  description: Multi Unit (1 - 4 dwellings) Construction of two dwellings
  info_url: https://eservice.whittlesea.vic.gov.au/eservice/daEnquiryInit.do?doc_typ=5&nodeNum=25322
  date_received: '2019-04-16'
  date_scraped: '2019-05-15'
- council_reference: 718475/2019
  address: 18 Travers Street THOMASTOWN VIC 3074
  description: Multi Unit (1 - 4 dwellings) Construction of three dwellings
  info_url: https://eservice.whittlesea.vic.gov.au/eservice/daEnquiryInit.do?doc_typ=5&nodeNum=25322
  date_received: '2019-04-16'
  date_scraped: '2019-05-15'
- council_reference: 718476/2019
  address: Unit 1 13 Lydia Court EPPING VIC 3076
  description: VicSmart
  info_url: https://eservice.whittlesea.vic.gov.au/eservice/daEnquiryInit.do?doc_typ=5&nodeNum=25322
  date_received: '2019-04-16'
  date_scraped: '2019-05-15'
- council_reference: 718477/2019
  address: 31A Yellow Brick Road DOREEN VIC 3754
  description: One or more new buildings and Change of use (including car parking)
    Use and Development of a Medical Centre and Restricted Recreation Facility
  info_url: https://eservice.whittlesea.vic.gov.au/eservice/daEnquiryInit.do?doc_typ=5&nodeNum=25322
  date_received: '2019-04-16'
  date_scraped: '2019-05-15'
- council_reference: 718481/2019
  address: 383 High Street LALOR VIC 3075
  description: Change of use (including car parking) Use of the premises as Shop
  info_url: https://eservice.whittlesea.vic.gov.au/eservice/daEnquiryInit.do?doc_typ=5&nodeNum=25322
  date_received: '2019-04-18'
  date_scraped: '2019-05-15'
- council_reference: 718482/2019
  address: 20 Fullarton Drive EPPING VIC 3076
  description: Development Use and Development of a warehouse and three stores
  info_url: https://eservice.whittlesea.vic.gov.au/eservice/daEnquiryInit.do?doc_typ=5&nodeNum=25322
  date_received: '2019-04-23'
  date_scraped: '2019-05-15'
- council_reference: 718485/2019
  address: 25 French Street THOMASTOWN VIC 3074
  description: Multi Unit (5 or more dwellings) Construction of six dwellings
  info_url: https://eservice.whittlesea.vic.gov.au/eservice/daEnquiryInit.do?doc_typ=5&nodeNum=25322
  date_received: '2019-04-26'
  date_scraped: '2019-05-15'
- council_reference: 718487/2019
  address: 101 Mount View Road LALOR VIC 3075
  description: Construction of three dwellings Construction of three dwellings
  info_url: https://eservice.whittlesea.vic.gov.au/eservice/daEnquiryInit.do?doc_typ=5&nodeNum=25322
  date_received: '2019-04-17'
  date_scraped: '2019-05-15'
- council_reference: 718488/2019
  address: 1 Globe Place EPPING VIC 3076
  description: Single dwelling incl. associated works Construction of a verandah
  info_url: https://eservice.whittlesea.vic.gov.au/eservice/daEnquiryInit.do?doc_typ=5&nodeNum=25322
  date_received: '2019-04-24'
  date_scraped: '2019-05-15'
- council_reference: 718489/2019
  address: 63 Ricky Way EPPING VIC 3076
  description: Subdivision buildings
  info_url: https://eservice.whittlesea.vic.gov.au/eservice/daEnquiryInit.do?doc_typ=5&nodeNum=25322
  date_received: '2019-04-29'
  date_scraped: '2019-05-15'
- council_reference: 718490/2019
  address: 815 Yan Yean Road DOREEN VIC 3754
  description: Subdivision of land and Native vegetation removal and Subdivision -
    ch Subdivision of land, removal of native vegetation and creation of reserves
  info_url: https://eservice.whittlesea.vic.gov.au/eservice/daEnquiryInit.do?doc_typ=5&nodeNum=25322
  date_received: '2019-04-17'
  date_scraped: '2019-05-15'
- council_reference: 718491/2019
  address: 46 Schotters Road MERNDA VIC 3754
  description: Signage Display of advertising signage
  info_url: https://eservice.whittlesea.vic.gov.au/eservice/daEnquiryInit.do?doc_typ=5&nodeNum=25322
  date_received: '2019-04-30'
  date_scraped: '2019-05-15'
- council_reference: 718492/2019
  address: 11 Constance Court EPPING VIC 3076
  description: Development Construction of two warehouses
  info_url: https://eservice.whittlesea.vic.gov.au/eservice/daEnquiryInit.do?doc_typ=5&nodeNum=25322
  date_received: '2019-05-01'
  date_scraped: '2019-05-15'
- council_reference: 718504/2019
  address: 87 Monash Street LALOR VIC 3075
  description: "Multi Unit (1 - 4 dwellings) Multi Unit (1 - 4 dwellings)\r\nConstruction
    of a dwelling to the rear of the exisitng dwelling"
  info_url: https://eservice.whittlesea.vic.gov.au/eservice/daEnquiryInit.do?doc_typ=5&nodeNum=25322
  date_received: '2019-05-03'
  date_scraped: '2019-05-15'
- council_reference: 718506/2019
  address: 56 Flaxen Hills Road DOREEN VIC 3754
  description: One or more new buildings Construction of a carport and outbuilding
  info_url: https://eservice.whittlesea.vic.gov.au/eservice/daEnquiryInit.do?doc_typ=5&nodeNum=25322
  date_received: '2019-04-30'
  date_scraped: '2019-05-15'
- council_reference: 718510/2019
  address: 104 Schotters Road MERNDA VIC 3754
  description: Subdivision of land and Native vegetation removal Subdivision of the
    land and removal of vegetation
  info_url: https://eservice.whittlesea.vic.gov.au/eservice/daEnquiryInit.do?doc_typ=5&nodeNum=25322
  date_received: '2019-04-30'
  date_scraped: '2019-05-15'
- council_reference: 718511/2019
  address: 159 O'Herns Road EPPING VIC 3076
  description: Development Construction of two warehouses
  info_url: https://eservice.whittlesea.vic.gov.au/eservice/daEnquiryInit.do?doc_typ=5&nodeNum=25322
  date_received: '2019-05-07'
  date_scraped: '2019-05-15'
- council_reference: 718512/2019
  address: 30 McDonalds Road EPPING VIC 3076
  description: Multi Unit (1 - 4 dwellings)
  info_url: https://eservice.whittlesea.vic.gov.au/eservice/daEnquiryInit.do?doc_typ=5&nodeNum=25322
  date_received: '2019-05-07'
  date_scraped: '2019-05-15'
- council_reference: 718513/2019
  address: 860 Glenburnie Road WHITTLESEA VIC 3757
  description: Other buildings and works (including sep Construction of an outbuilding
  info_url: https://eservice.whittlesea.vic.gov.au/eservice/daEnquiryInit.do?doc_typ=5&nodeNum=25322
  date_received: '2019-05-08'
  date_scraped: '2019-05-15'
- council_reference: 718517/2019
  address: 823 Donnybrook Road DONNYBROOK VIC 3064
  description: Other buildings and works (including sep Development of the land in
    the form of extension to the existing Railway platform, extension of carpark and
    provision of bus shelters
  info_url: https://eservice.whittlesea.vic.gov.au/eservice/daEnquiryInit.do?doc_typ=5&nodeNum=25322
  date_received: '2019-05-09'
  date_scraped: '2019-05-15'
- council_reference: 718518/2019
  address: 182 Greenhills Road BUNDOORA VIC 3083
  description: Residential Multi Lot Subdivision
  info_url: https://eservice.whittlesea.vic.gov.au/eservice/daEnquiryInit.do?doc_typ=5&nodeNum=25322
  date_received: '2019-05-09'
  date_scraped: '2019-05-15'
- council_reference: 718519/2019
  address: 35 Strong Avenue THOMASTOWN VIC 3074
  description: Development Construction of a warehouse
  info_url: https://eservice.whittlesea.vic.gov.au/eservice/daEnquiryInit.do?doc_typ=5&nodeNum=25322
  date_received: '2019-05-09'
  date_scraped: '2019-05-15'
- council_reference: 718523/2019
  address: 102 Mahoneys Road THOMASTOWN VIC 3074
  description: Extension to an existing dwelling or str Buildings and works comprising
    an extension to the existing building
  info_url: https://eservice.whittlesea.vic.gov.au/eservice/daEnquiryInit.do?doc_typ=5&nodeNum=25322
  date_received: '2019-05-06'
  date_scraped: '2019-05-15'
- council_reference: 718527/2019
  address: 20 The Link MILL PARK VIC 3082
  description: Multi Unit (5 or more dwellings)
  info_url: https://eservice.whittlesea.vic.gov.au/eservice/daEnquiryInit.do?doc_typ=5&nodeNum=25322
  date_received: '2019-05-13'
  date_scraped: '2019-05-15'
- council_reference: 718531/2019
  address: 63 Edmondson Street LALOR VIC 3075
  description: Dual Occupancy Construction of two dwellings
  info_url: https://eservice.whittlesea.vic.gov.au/eservice/daEnquiryInit.do?doc_typ=5&nodeNum=25322
  date_received: '2019-05-14'
  date_scraped: '2019-05-15'
- council_reference: 718532/2019
  address: 10 Sommerville Avenue MERNDA VIC 3754
  description: Multi Unit (5 or more dwellings)
  info_url: https://eservice.whittlesea.vic.gov.au/eservice/daEnquiryInit.do?doc_typ=5&nodeNum=25322
  date_received: '2019-05-10'
  date_scraped: '2019-05-15'
- council_reference: 718536/2019
  address: Unit 17 355-371 Dalton Road EPPING VIC 3076
  description: Alterations to a building structure or d The sale and consumption of
    liquor, and buildings and works associated with an existing food and drink premises
  info_url: https://eservice.whittlesea.vic.gov.au/eservice/daEnquiryInit.do?doc_typ=5&nodeNum=25322
  date_received: '2019-05-09'
  date_scraped: '2019-05-15'
- council_reference: 718537/2019
  address: 30 Martin Close SOUTH MORANG VIC 3752
  description: Subdivision - change of easement and/o Removal of Restrictive Covenant
    contained in Instrument S486528R
  info_url: https://eservice.whittlesea.vic.gov.au/eservice/daEnquiryInit.do?doc_typ=5&nodeNum=25322
  date_received: '2019-05-15'
  date_scraped: '2019-05-15'
- council_reference: 718543/2019
  address: 25 Oleander Drive MILL PARK VIC 3082
  description: Change of use (including car parking) Use and Development of the Land
    for a Store
  info_url: https://eservice.whittlesea.vic.gov.au/eservice/daEnquiryInit.do?doc_typ=5&nodeNum=25322
  date_received: '2019-05-10'
  date_scraped: '2019-05-15'
- council_reference: 718544/2019
  address: 26 Howell Street LALOR VIC 3075
  description: Multi Unit (1 - 4 dwellings) Construction of a dwelling to the rear
    of an existing dwelling
  info_url: https://eservice.whittlesea.vic.gov.au/eservice/daEnquiryInit.do?doc_typ=5&nodeNum=25322
  date_received: '2019-05-15'
  date_scraped: '2019-05-15'
- council_reference: 718551/2019
  address: 1285 Donnybrook Road WOODSTOCK VIC 3751
  description: Subdivision of land multi-lot subdivision
  info_url: https://eservice.whittlesea.vic.gov.au/eservice/daEnquiryInit.do?doc_typ=5&nodeNum=25322
  date_received: '2019-05-03'
  date_scraped: '2019-05-15'
