---
- council_reference: 186/2019
  address: 17 Cumbria Street THIRLMERE NSW 2572
  description: S4.55 - Design Changes
  info_url: https://ecouncil.wollondilly.nsw.gov.au/eservice/daEnquiryInit.do?nodeNum=40801
  date_received: '2019-05-13'
  date_scraped: '2019-05-15'
- council_reference: 249/2019
  address: 1315 Barkers Lodge Road OAKDALE NSW 2570
  description: Dual occupancy (attached) including conversion of existing dwelling
    to non-habitable outbuilding, proposed shed, tree removal and associated works
  info_url: https://ecouncil.wollondilly.nsw.gov.au/eservice/daEnquiryInit.do?nodeNum=40801
  date_received: '2019-05-09'
  date_scraped: '2019-05-15'
- council_reference: 250/2019
  address: 440 Wilton Park Road WILTON NSW 2571
  description: Continued use of part of the site as a freight transport facility
  info_url: https://ecouncil.wollondilly.nsw.gov.au/eservice/daEnquiryInit.do?nodeNum=40801
  date_received: '2019-05-09'
  date_scraped: '2019-05-15'
- council_reference: 251/2019
  address: 12 Gumtree Terrace TAHMOOR NSW 2573
  description: S68 AWTS - Subsurface Irrigation
  info_url: https://ecouncil.wollondilly.nsw.gov.au/eservice/daEnquiryInit.do?nodeNum=40801
  date_received: '2019-05-09'
  date_scraped: '2019-05-15'
- council_reference: 252/2019
  address: 250 Picton Road RAZORBACK NSW 2571
  description: Earthworks & decommissioning of dam
  info_url: https://ecouncil.wollondilly.nsw.gov.au/eservice/daEnquiryInit.do?nodeNum=40801
  date_received: '2019-05-10'
  date_scraped: '2019-05-15'
- council_reference: 253/2019
  address: 8 Blue Wren Place OAKDALE NSW 2570
  description: S68 Solid Fuel Heater
  info_url: https://ecouncil.wollondilly.nsw.gov.au/eservice/daEnquiryInit.do?nodeNum=40801
  date_received: '2019-05-10'
  date_scraped: '2019-05-15'
- council_reference: 254/2019
  address: 23 Birtle Street THE OAKS NSW 2570
  description: Ancillary Building to Dwelling (Shed)
  info_url: https://ecouncil.wollondilly.nsw.gov.au/eservice/daEnquiryInit.do?nodeNum=40801
  date_received: '2019-05-10'
  date_scraped: '2019-05-15'
- council_reference: 255/2019
  address: 2 Chaseling Place THE OAKS NSW 2570
  description: Two (2) Lot Subdivision & Removal of Swimming Pool
  info_url: https://ecouncil.wollondilly.nsw.gov.au/eservice/daEnquiryInit.do?nodeNum=40801
  date_received: '2019-05-13'
  date_scraped: '2019-05-15'
- council_reference: 256/2019
  address: 47C Burragorang Road NATTAI NSW 2570
  description: Manufactured Dwelling
  info_url: https://ecouncil.wollondilly.nsw.gov.au/eservice/daEnquiryInit.do?nodeNum=40801
  date_received: '2019-05-13'
  date_scraped: '2019-05-15'
- council_reference: 257/2019
  address: 34 Marsh Road SILVERDALE NSW 2752
  description: Dwelling Additions
  info_url: https://ecouncil.wollondilly.nsw.gov.au/eservice/daEnquiryInit.do?nodeNum=40801
  date_received: '2019-05-14'
  date_scraped: '2019-05-15'
- council_reference: 258/2019
  address: 8 Gumtree Terrace TAHMOOR NSW 2573
  description: Dwelling House
  info_url: https://ecouncil.wollondilly.nsw.gov.au/eservice/daEnquiryInit.do?nodeNum=40801
  date_received: '2019-05-14'
  date_scraped: '2019-05-15'
- council_reference: 259/2019
  address: 35 Binalong Road BELIMBLA PARK NSW 2570
  description: Addition to Dwelling, Shed & Shipping Container
  info_url: https://ecouncil.wollondilly.nsw.gov.au/eservice/daEnquiryInit.do?nodeNum=40801
  date_received: '2019-05-15'
  date_scraped: '2019-05-15'
- council_reference: 260/2019
  address: 90 Old Oaks Road THE OAKS NSW 2570
  description: S68 AWTS - Subsurface Irrigation
  info_url: https://ecouncil.wollondilly.nsw.gov.au/eservice/daEnquiryInit.do?nodeNum=40801
  date_received: '2019-05-15'
  date_scraped: '2019-05-15'
- council_reference: 261/2019
  address: 14 Hawthorne Road BARGO NSW 2574
  description: Ancillary Building to Dwelling (Shed)
  info_url: https://ecouncil.wollondilly.nsw.gov.au/eservice/daEnquiryInit.do?nodeNum=40801
  date_received: '2019-05-15'
  date_scraped: '2019-05-15'
- council_reference: 262/2019
  address: 15 Menangle Road MENANGLE NSW 2568
  description: Construction of an exhibition home and car parking area, pathway and
    associated landscaping, installation of pylon sign, fencing and amenities block.
    Conversion of exhibition home into a dwelling and removal of car parking area,
    signage, fencing and amenities block post operation.
  info_url: https://ecouncil.wollondilly.nsw.gov.au/eservice/daEnquiryInit.do?nodeNum=40801
  date_received: '2019-05-15'
  date_scraped: '2019-05-15'
- council_reference: 263/2019
  address: 33 Chalker Street THIRLMERE NSW 2572
  description: Dwelling & secondary dwelling & associated works
  info_url: https://ecouncil.wollondilly.nsw.gov.au/eservice/daEnquiryInit.do?nodeNum=40801
  date_received: '2019-05-15'
  date_scraped: '2019-05-15'
- council_reference: 264/2019
  address: 38 St Heliers Road SILVERDALE NSW 2752
  description: Ancillary Building to Dwelling (Shed)
  info_url: https://ecouncil.wollondilly.nsw.gov.au/eservice/daEnquiryInit.do?nodeNum=40801
  date_received: '2019-05-15'
  date_scraped: '2019-05-15'
- council_reference: 265/2019
  address: 68 Kader Street BARGO NSW 2574
  description: New single storey dwelling , attached granny flat & ancillary structure
  info_url: https://ecouncil.wollondilly.nsw.gov.au/eservice/daEnquiryInit.do?nodeNum=40801
  date_received: '2019-05-15'
  date_scraped: '2019-05-15'
- council_reference: 266/2019
  address: 55 Charles Road PHEASANTS NEST NSW 2574
  description: Ancillary Building to Dwelling (Shed)
  info_url: https://ecouncil.wollondilly.nsw.gov.au/eservice/daEnquiryInit.do?nodeNum=40801
  date_received: '2019-05-15'
  date_scraped: '2019-05-15'
- council_reference: 316/1997
  address: 770 Silverdale Road WEROMBI NSW 2570
  description: Modification - extension of building envelope
  info_url: https://ecouncil.wollondilly.nsw.gov.au/eservice/daEnquiryInit.do?nodeNum=40801
  date_received: '2019-05-15'
  date_scraped: '2019-05-15'
- council_reference: 755/2018
  address: 18 Torumba Circuit SILVERDALE NSW 2752
  description: Modification of retaining walls on all boundaries
  info_url: https://ecouncil.wollondilly.nsw.gov.au/eservice/daEnquiryInit.do?nodeNum=40801
  date_received: '2019-05-09'
  date_scraped: '2019-05-15'
